2026/09/26 17:09:10 Loaded 14 nodes and 16 links
2026/09/26 17:09:10 State Space Options: options:{max_actions:32 max_concurrent_actions:1 crash_on_yield:true} deadlock_detection:false
Generated 7 unique operations
Generated 7 operation groups
Group: Controller#0.Start
  Op: role:{role_name:"Controller"} action_name:"Start", MaxYields: 0
Group: Controller#0.Review
  Op: role:{role_name:"Controller"} action_name:"Review", MaxYields: 0
Group: Controller#0.Proof
  Op: role:{role_name:"Controller"} action_name:"Proof", MaxYields: 0
Group: Controller#0.Restart
  Op: role:{role_name:"Controller"} action_name:"Restart", MaxYields: 0
Group: Controller#0.Resume
  Op: role:{role_name:"Controller"} action_name:"Resume", MaxYields: 0
Group: end
  Op: role:{} action_name:"end", MaxYields: 0
Group: Controller#0.Inspect
  Op: role:{role_name:"Controller"} action_name:"Inspect", MaxYields: 0
2026/09/26 17:09:10 FizzMo server listening on :50051
2026/09/26 17:09:10 Received StartTestRun request: 
Received ValidateTrace request: demo-run-id
  Request 0: role:{role_name:"Controller"} action_name:"Review"
  Response 0: return_values:{str_value:"1|ABSENT|0|0||0|0"} exec_time:{start_unix_nano:175561667 end_unix_nano:358373500} status:{code:STATUS_OK message:"OK"} roles:{role_name:"Controller"}
  Request 1: role:{role_name:"Controller"} action_name:"Resume"
  Response 1: return_values:{str_value:"1|ABSENT|0|0||0|0"} exec_time:{start_unix_nano:359472500 end_unix_nano:542863500} status:{code:STATUS_OK message:"OK"} roles:{role_name:"Controller"}
  Request 2: role:{role_name:"Controller"} action_name:"Review"
  Response 2: return_values:{str_value:"1|ABSENT|0|0||0|0"} exec_time:{start_unix_nano:543644375 end_unix_nano:725213917} status:{code:STATUS_OK message:"OK"} roles:{role_name:"Controller"}
  Request 3: role:{role_name:"Controller"} action_name:"Start"
  Response 3: exec_time:{start_unix_nano:725935542 end_unix_nano:1775191459} status:{code:STATUS_EXECUTION_FAILED message:"Action Start for role Controller failed: Traceback (most recent call last):\n  File \"/Users/grove/projects/promise-to-proof/.p2p/tmp/issue-30/implementation-source/checks/delivery-model/conformance_bridge.py\", line 228, in <module>\n    main(sys.argv[1])\n  File \"/Users/grove/projects/promise-to-proof/.p2p/tmp/issue-30/implementation-source/checks/delivery-model/conformance_bridge.py\", line 163, in main\n    code, output, detail = invoke('run', stop_before='review')\n  File \"/Users/grove/projects/promise-to-proof/.p2p/tmp/issue-30/implementation-source/checks/delivery-model/conformance_bridge.py\", line 94, in invoke\n    assert output is not None, result.stderr\nAssertionError: Traceback (most recent call last):\n  File \"/Users/grove/projects/promise-to-proof/.p2p/tmp/issue-30/implementation-source/checks/delivery-model/conformance_bridge.py\", line 226, in <module>\n    child()\n  File \"/Users/grove/projects/promise-to-proof/.p2p/tmp/issue-30/implementation-source/checks/delivery-model/conformance_bridge.py\", line 75, in child\n    sys.exit(d.main(sys.argv[2:]))\n  File \"/Users/grove/projects/promise-to-proof/.p2p/tmp/issue-30/implementation-source/skills/productivity/deliver-issue/scripts/p2p_delivery.py\", line 700, in main\n    delivery.run()\n  File \"/Users/grove/projects/promise-to-proof/.p2p/tmp/issue-30/implementation-source/skills/productivity/deliver-issue/scripts/p2p_delivery.py\", line 520, in run\n    self.preflight()\n  File \"/Users/grove/projects/promise-to-proof/.p2p/tmp/issue-30/implementation-source/skills/productivity/deliver-issue/scripts/p2p_delivery.py\", line 382, in preflight\n    attempt, host = self.dispatch(stage, inputs, prompt)\n  File \"/Users/grove/projects/promise-to-proof/.p2p/tmp/issue-30/implementation-source/skills/productivity/deliver-issue/scripts/p2p_delivery.py\", line 319, in dispatch\n    args = command(self.state['host']['executable'], scratch, folder / 'schema.json' if schema else None)\n  File \"/Users/grove/projects/promise-to-proof/.p2p/tmp/issue-30/implementation-source/skills/productivity/deliver-issue/scripts/p2p_delivery.py\", line 129, in command\n    for key, value in host_config(scratch).items():\n  File \"/Users/grove/projects/promise-to-proof/.p2p/tmp/issue-30/implementation-source/skills/productivity/deliver-issue/scripts/p2p_delivery.py\", line 95, in host_config\n    import tomllib\nModuleNotFoundError: No module named 'tomllib'\n\n"}
  Request 4: role:{role_name:"Controller"} action_name:"Resume"
  Response 4: return_values:{str_value:"1|BLOCKED|1|0||0|0"} exec_time:{start_unix_nano:1776023834 end_unix_nano:2244130875} status:{code:STATUS_OK message:"OK"} roles:{role_name:"Controller"}
  Request 5: role:{} action_name:"end"
  Response 5: exec_time:{start_unix_nano:2244923042 end_unix_nano:2244948375} status:{code:STATUS_EXECUTION_FAILED message:"Action end for role  failed: Action end not found for role "}
  Request 6: role:{role_name:"Controller"} action_name:"Proof"
  Response 6: return_values:{str_value:"1|BLOCKED|1|0||0|0"} exec_time:{start_unix_nano:2245390209 end_unix_nano:2639750792} status:{code:STATUS_OK message:"OK"} roles:{role_name:"Controller"}
  Request 7: role:{role_name:"Controller"} action_name:"Review"
  Response 7: return_values:{str_value:"1|BLOCKED|1|0||0|0"} exec_time:{start_unix_nano:2640550917 end_unix_nano:3025765750} status:{code:STATUS_OK message:"OK"} roles:{role_name:"Controller"}
  Request 8: role:{role_name:"Controller"} action_name:"Restart"
  Response 8: return_values:{str_value:"1|BLOCKED|1|0||0|0"} exec_time:{start_unix_nano:3026646542 end_unix_nano:3413657000} status:{code:STATUS_OK message:"OK"} roles:{role_name:"Controller"}
  Request 9: role:{role_name:"Controller"} action_name:"Restart"
  Response 9: return_values:{str_value:"1|BLOCKED|1|0||0|0"} exec_time:{start_unix_nano:3414333584 end_unix_nano:3775702709} status:{code:STATUS_OK message:"OK"} roles:{role_name:"Controller"}
  Request 10: role:{role_name:"Controller"} action_name:"Review"
  Response 10: return_values:{str_value:"1|BLOCKED|1|0||0|0"} exec_time:{start_unix_nano:3776289250 end_unix_nano:4131825792} status:{code:STATUS_OK message:"OK"} roles:{role_name:"Controller"}
  Request 11: role:{role_name:"Controller"} action_name:"Review"
  Response 11: return_values:{str_value:"1|BLOCKED|1|0||0|0"} exec_time:{start_unix_nano:4132400500 end_unix_nano:4493061917} status:{code:STATUS_OK message:"OK"} roles:{role_name:"Controller"}
  Request 12: role:{role_name:"Controller"} action_name:"Resume"
  Response 12: return_values:{str_value:"1|BLOCKED|1|0||0|0"} exec_time:{start_unix_nano:4493695750 end_unix_nano:4850612625} status:{code:STATUS_OK message:"OK"} roles:{role_name:"Controller"}
  Request 13: role:{} action_name:"end"
  Response 13: exec_time:{start_unix_nano:4851264625 end_unix_nano:4851289917} status:{code:STATUS_EXECUTION_FAILED message:"Action end for role  failed: Action end not found for role "}
  Request 14: role:{role_name:"Controller"} action_name:"Proof"
  Response 14: return_values:{str_value:"1|BLOCKED|1|0||0|0"} exec_time:{start_unix_nano:4851578917 end_unix_nano:5286802625} status:{code:STATUS_OK message:"OK"} roles:{role_name:"Controller"}
  Request 15: role:{} action_name:"end"
  Response 15: exec_time:{start_unix_nano:5287339125 end_unix_nano:5287366042} status:{code:STATUS_EXECUTION_FAILED message:"Action end for role  failed: Action end not found for role "}
  Request 16: role:{role_name:"Controller"} action_name:"Restart"
  Response 16: return_values:{str_value:"1|BLOCKED|1|0||0|0"} exec_time:{start_unix_nano:5287642042 end_unix_nano:5647012625} status:{code:STATUS_OK message:"OK"} roles:{role_name:"Controller"}
  Request 17: role:{role_name:"Controller"} action_name:"Inspect"
  Response 17: return_values:{str_value:"1|BLOCKED|1|0||0|0"} exec_time:{start_unix_nano:5647587250 end_unix_nano:6035234625} status:{code:STATUS_OK message:"OK"} roles:{role_name:"Controller"}
  Request 18: role:{} action_name:"end"
  Response 18: exec_time:{start_unix_nano:6035790834 end_unix_nano:6035809875} status:{code:STATUS_EXECUTION_FAILED message:"Action end for role  failed: Action end not found for role "}
  Request 19: role:{role_name:"Controller"} action_name:"Restart"
  Response 19: return_values:{str_value:"1|BLOCKED|1|0||0|0"} exec_time:{start_unix_nano:6036034750 end_unix_nano:6457373875} status:{code:STATUS_OK message:"OK"} roles:{role_name:"Controller"}
  Request 20: role:{role_name:"Controller"} action_name:"Resume"
  Response 20: return_values:{str_value:"1|BLOCKED|1|0||0|0"} exec_time:{start_unix_nano:6457916750 end_unix_nano:6827635209} status:{code:STATUS_OK message:"OK"} roles:{role_name:"Controller"}
  Request 21: role:{role_name:"Controller"} action_name:"Resume"
  Response 21: return_values:{str_value:"1|BLOCKED|1|0||0|0"} exec_time:{start_unix_nano:6828192292 end_unix_nano:7192674042} status:{code:STATUS_OK message:"OK"} roles:{role_name:"Controller"}
  Request 22: role:{role_name:"Controller"} action_name:"Proof"
  Response 22: return_values:{str_value:"1|BLOCKED|1|0||0|0"} exec_time:{start_unix_nano:7193220792 end_unix_nano:7579213042} status:{code:STATUS_OK message:"OK"} roles:{role_name:"Controller"}
  Request 23: role:{role_name:"Controller"} action_name:"Inspect"
  Response 23: return_values:{str_value:"1|BLOCKED|1|0||0|0"} exec_time:{start_unix_nano:7579983459 end_unix_nano:7948403209} status:{code:STATUS_OK message:"OK"} roles:{role_name:"Controller"}
  Request 24: role:{} action_name:"end"
  Response 24: exec_time:{start_unix_nano:7948940417 end_unix_nano:7948964417} status:{code:STATUS_EXECUTION_FAILED message:"Action end for role  failed: Action end not found for role "}
  Request 25: role:{role_name:"Controller"} action_name:"Resume"
  Response 25: return_values:{str_value:"1|BLOCKED|1|0||0|0"} exec_time:{start_unix_nano:7949184042 end_unix_nano:8321579667} status:{code:STATUS_OK message:"OK"} roles:{role_name:"Controller"}
  Request 26: role:{role_name:"Controller"} action_name:"Restart"
  Response 26: return_values:{str_value:"1|BLOCKED|1|0||0|0"} exec_time:{start_unix_nano:8322074959 end_unix_nano:8699096334} status:{code:STATUS_OK message:"OK"} roles:{role_name:"Controller"}
  Request 27: role:{role_name:"Controller"} action_name:"Start"
  Response 27: return_values:{str_value:"1|BLOCKED|1|0||0|0"} exec_time:{start_unix_nano:8699634917 end_unix_nano:9077115292} status:{code:STATUS_OK message:"OK"} roles:{role_name:"Controller"}
  Request 28: role:{role_name:"Controller"} action_name:"Restart"
  Response 28: return_values:{str_value:"1|BLOCKED|1|0||0|0"} exec_time:{start_unix_nano:9077791584 end_unix_nano:9462927792} status:{code:STATUS_OK message:"OK"} roles:{role_name:"Controller"}
  Request 29: role:{role_name:"Controller"} action_name:"Proof"
  Response 29: return_values:{str_value:"1|BLOCKED|1|0||0|0"} exec_time:{start_unix_nano:9463453292 end_unix_nano:9828189167} status:{code:STATUS_OK message:"OK"} roles:{role_name:"Controller"}
  Request 30: role:{role_name:"Controller"} action_name:"Resume"
  Response 30: return_values:{str_value:"1|BLOCKED|1|0||0|0"} exec_time:{start_unix_nano:9828707250 end_unix_nano:10203331917} status:{code:STATUS_OK message:"OK"} roles:{role_name:"Controller"}
  Request 31: role:{role_name:"Controller"} action_name:"Resume"
  Response 31: return_values:{str_value:"1|BLOCKED|1|0||0|0"} exec_time:{start_unix_nano:10203840792 end_unix_nano:10559978584} status:{code:STATUS_OK message:"OK"} roles:{role_name:"Controller"}
Validating trace for RunId: demo-run-id
    Action Link: Controller#0.Review
    No matching Source Link found for Action Link: Controller#0.Review
