2026/09/26 17:08:59 Loaded 22 nodes and 26 links
2026/09/26 17:08:59 State Space Options: options:{max_actions:32 max_concurrent_actions:1 crash_on_yield:true} deadlock_detection:false
Generated 7 unique operations
Generated 7 operation groups
Group: Controller#0.Start
  Op: role:{role_name:"Controller"} action_name:"Start", MaxYields: 0
Group: Controller#0.Review
  Op: role:{role_name:"Controller"} action_name:"Review", MaxYields: 0
Group: Controller#0.Proof
  Op: role:{role_name:"Controller"} action_name:"Proof", MaxYields: 0
Group: Controller#0.Restart
  Op: role:{role_name:"Controller"} action_name:"Restart", MaxYields: 0
Group: Controller#0.Resume
  Op: role:{role_name:"Controller"} action_name:"Resume", MaxYields: 0
Group: end
  Op: role:{} action_name:"end", MaxYields: 0
Group: Controller#0.Inspect
  Op: role:{role_name:"Controller"} action_name:"Inspect", MaxYields: 0
2026/09/26 17:08:59 FizzMo server listening on :50051
2026/09/26 17:08:59 Received StartTestRun request: 
Received ValidateTrace request: demo-run-id
  Request 0: role:{role_name:"Controller"} action_name:"Review"
  Response 0: return_values:{str_value:"1|ABSENT|0|0||0|0"} exec_time:{start_unix_nano:164593083 end_unix_nano:338651875} status:{code:STATUS_OK message:"OK"} roles:{role_name:"Controller"}
  Request 1: role:{role_name:"Controller"} action_name:"Resume"
  Response 1: return_values:{str_value:"1|ABSENT|0|0||0|0"} exec_time:{start_unix_nano:339708375 end_unix_nano:517852041} status:{code:STATUS_OK message:"OK"} roles:{role_name:"Controller"}
  Request 2: role:{role_name:"Controller"} action_name:"Review"
  Response 2: return_values:{str_value:"1|ABSENT|0|0||0|0"} exec_time:{start_unix_nano:518926375 end_unix_nano:690904333} status:{code:STATUS_OK message:"OK"} roles:{role_name:"Controller"}
  Request 3: role:{role_name:"Controller"} action_name:"Start"
  Response 3: exec_time:{start_unix_nano:691620333 end_unix_nano:1684589958} status:{code:STATUS_EXECUTION_FAILED message:"Action Start for role Controller failed: Traceback (most recent call last):\n  File \"/Users/grove/projects/promise-to-proof/.p2p/tmp/issue-30/implementation-source/checks/delivery-model/conformance_bridge.py\", line 228, in <module>\n    main(sys.argv[1])\n  File \"/Users/grove/projects/promise-to-proof/.p2p/tmp/issue-30/implementation-source/checks/delivery-model/conformance_bridge.py\", line 163, in main\n    code, output, detail = invoke('run', stop_before='review')\n  File \"/Users/grove/projects/promise-to-proof/.p2p/tmp/issue-30/implementation-source/checks/delivery-model/conformance_bridge.py\", line 94, in invoke\n    assert output is not None, result.stderr\nAssertionError: Traceback (most recent call last):\n  File \"/Users/grove/projects/promise-to-proof/.p2p/tmp/issue-30/implementation-source/checks/delivery-model/conformance_bridge.py\", line 226, in <module>\n    child()\n  File \"/Users/grove/projects/promise-to-proof/.p2p/tmp/issue-30/implementation-source/checks/delivery-model/conformance_bridge.py\", line 75, in child\n    sys.exit(d.main(sys.argv[2:]))\n  File \"/Users/grove/projects/promise-to-proof/.p2p/tmp/issue-30/implementation-source/skills/productivity/deliver-issue/scripts/p2p_delivery.py\", line 700, in main\n    delivery.run()\n  File \"/Users/grove/projects/promise-to-proof/.p2p/tmp/issue-30/implementation-source/skills/productivity/deliver-issue/scripts/p2p_delivery.py\", line 520, in run\n    self.preflight()\n  File \"/Users/grove/projects/promise-to-proof/.p2p/tmp/issue-30/implementation-source/skills/productivity/deliver-issue/scripts/p2p_delivery.py\", line 382, in preflight\n    attempt, host = self.dispatch(stage, inputs, prompt)\n  File \"/Users/grove/projects/promise-to-proof/.p2p/tmp/issue-30/implementation-source/skills/productivity/deliver-issue/scripts/p2p_delivery.py\", line 319, in dispatch\n    args = command(self.state['host']['executable'], scratch, folder / 'schema.json' if schema else None)\n  File \"/Users/grove/projects/promise-to-proof/.p2p/tmp/issue-30/implementation-source/skills/productivity/deliver-issue/scripts/p2p_delivery.py\", line 129, in command\n    for key, value in host_config(scratch).items():\n  File \"/Users/grove/projects/promise-to-proof/.p2p/tmp/issue-30/implementation-source/skills/productivity/deliver-issue/scripts/p2p_delivery.py\", line 95, in host_config\n    import tomllib\nModuleNotFoundError: No module named 'tomllib'\n\n"}
  Request 4: role:{role_name:"Controller"} action_name:"Resume"
  Response 4: return_values:{str_value:"1|BLOCKED|1|0||0|0"} exec_time:{start_unix_nano:1685466916 end_unix_nano:2075382541} status:{code:STATUS_OK message:"OK"} roles:{role_name:"Controller"}
  Request 5: role:{} action_name:"end"
  Response 5: exec_time:{start_unix_nano:2076118208 end_unix_nano:2076141875} status:{code:STATUS_EXECUTION_FAILED message:"Action end for role  failed: Action end not found for role "}
  Request 6: role:{role_name:"Controller"} action_name:"Proof"
  Response 6: return_values:{str_value:"1|BLOCKED|1|0||0|0"} exec_time:{start_unix_nano:2076505500 end_unix_nano:2440290000} status:{code:STATUS_OK message:"OK"} roles:{role_name:"Controller"}
  Request 7: role:{role_name:"Controller"} action_name:"Review"
  Response 7: return_values:{str_value:"1|BLOCKED|1|0||0|0"} exec_time:{start_unix_nano:2441038875 end_unix_nano:2810896375} status:{code:STATUS_OK message:"OK"} roles:{role_name:"Controller"}
  Request 8: role:{role_name:"Controller"} action_name:"Restart"
  Response 8: return_values:{str_value:"1|BLOCKED|1|0||0|0"} exec_time:{start_unix_nano:2811693916 end_unix_nano:3170972166} status:{code:STATUS_OK message:"OK"} roles:{role_name:"Controller"}
  Request 9: role:{role_name:"Controller"} action_name:"Restart"
  Response 9: return_values:{str_value:"1|BLOCKED|1|0||0|0"} exec_time:{start_unix_nano:3171710500 end_unix_nano:3538670125} status:{code:STATUS_OK message:"OK"} roles:{role_name:"Controller"}
  Request 10: role:{role_name:"Controller"} action_name:"Review"
  Response 10: return_values:{str_value:"1|BLOCKED|1|0||0|0"} exec_time:{start_unix_nano:3539257833 end_unix_nano:3898326625} status:{code:STATUS_OK message:"OK"} roles:{role_name:"Controller"}
  Request 11: role:{role_name:"Controller"} action_name:"Review"
  Response 11: return_values:{str_value:"1|BLOCKED|1|0||0|0"} exec_time:{start_unix_nano:3899126541 end_unix_nano:4254642208} status:{code:STATUS_OK message:"OK"} roles:{role_name:"Controller"}
  Request 12: role:{role_name:"Controller"} action_name:"Resume"
  Response 12: return_values:{str_value:"1|BLOCKED|1|0||0|0"} exec_time:{start_unix_nano:4255241166 end_unix_nano:4618358666} status:{code:STATUS_OK message:"OK"} roles:{role_name:"Controller"}
  Request 13: role:{} action_name:"end"
  Response 13: exec_time:{start_unix_nano:4618927666 end_unix_nano:4618954416} status:{code:STATUS_EXECUTION_FAILED message:"Action end for role  failed: Action end not found for role "}
  Request 14: role:{role_name:"Controller"} action_name:"Proof"
  Response 14: return_values:{str_value:"1|BLOCKED|1|0||0|0"} exec_time:{start_unix_nano:4619233333 end_unix_nano:5011542416} status:{code:STATUS_OK message:"OK"} roles:{role_name:"Controller"}
  Request 15: role:{} action_name:"end"
  Response 15: exec_time:{start_unix_nano:5012080416 end_unix_nano:5012104583} status:{code:STATUS_EXECUTION_FAILED message:"Action end for role  failed: Action end not found for role "}
  Request 16: role:{role_name:"Controller"} action_name:"Restart"
  Response 16: return_values:{str_value:"1|BLOCKED|1|0||0|0"} exec_time:{start_unix_nano:5012398333 end_unix_nano:5403396250} status:{code:STATUS_OK message:"OK"} roles:{role_name:"Controller"}
  Request 17: role:{role_name:"Controller"} action_name:"Inspect"
  Response 17: return_values:{str_value:"1|BLOCKED|1|0||0|0"} exec_time:{start_unix_nano:5403983375 end_unix_nano:5737168500} status:{code:STATUS_OK message:"OK"} roles:{role_name:"Controller"}
  Request 18: role:{} action_name:"end"
  Response 18: exec_time:{start_unix_nano:5737748375 end_unix_nano:5737768333} status:{code:STATUS_EXECUTION_FAILED message:"Action end for role  failed: Action end not found for role "}
  Request 19: role:{role_name:"Controller"} action_name:"Restart"
  Response 19: return_values:{str_value:"1|BLOCKED|1|0||0|0"} exec_time:{start_unix_nano:5738014416 end_unix_nano:6096096333} status:{code:STATUS_OK message:"OK"} roles:{role_name:"Controller"}
  Request 20: role:{role_name:"Controller"} action_name:"Resume"
  Response 20: return_values:{str_value:"1|BLOCKED|1|0||0|0"} exec_time:{start_unix_nano:6096601375 end_unix_nano:6456673375} status:{code:STATUS_OK message:"OK"} roles:{role_name:"Controller"}
  Request 21: role:{role_name:"Controller"} action_name:"Resume"
  Response 21: return_values:{str_value:"1|BLOCKED|1|0||0|0"} exec_time:{start_unix_nano:6457237208 end_unix_nano:6807445250} status:{code:STATUS_OK message:"OK"} roles:{role_name:"Controller"}
  Request 22: role:{role_name:"Controller"} action_name:"Proof"
  Response 22: return_values:{str_value:"1|BLOCKED|1|0||0|0"} exec_time:{start_unix_nano:6807992833 end_unix_nano:7213783833} status:{code:STATUS_OK message:"OK"} roles:{role_name:"Controller"}
  Request 23: role:{role_name:"Controller"} action_name:"Inspect"
  Response 23: return_values:{str_value:"1|BLOCKED|1|0||0|0"} exec_time:{start_unix_nano:7214751583 end_unix_nano:7594216125} status:{code:STATUS_OK message:"OK"} roles:{role_name:"Controller"}
  Request 24: role:{} action_name:"end"
  Response 24: exec_time:{start_unix_nano:7594771375 end_unix_nano:7594795625} status:{code:STATUS_EXECUTION_FAILED message:"Action end for role  failed: Action end not found for role "}
  Request 25: role:{role_name:"Controller"} action_name:"Resume"
  Response 25: return_values:{str_value:"1|BLOCKED|1|0||0|0"} exec_time:{start_unix_nano:7595057208 end_unix_nano:8029401458} status:{code:STATUS_OK message:"OK"} roles:{role_name:"Controller"}
  Request 26: role:{role_name:"Controller"} action_name:"Restart"
  Response 26: return_values:{str_value:"1|BLOCKED|1|0||0|0"} exec_time:{start_unix_nano:8029911583 end_unix_nano:8420689000} status:{code:STATUS_OK message:"OK"} roles:{role_name:"Controller"}
  Request 27: role:{role_name:"Controller"} action_name:"Start"
  Response 27: return_values:{str_value:"1|BLOCKED|1|0||0|0"} exec_time:{start_unix_nano:8421366458 end_unix_nano:8827784666} status:{code:STATUS_OK message:"OK"} roles:{role_name:"Controller"}
  Request 28: role:{role_name:"Controller"} action_name:"Restart"
  Response 28: return_values:{str_value:"1|BLOCKED|1|0||0|0"} exec_time:{start_unix_nano:8828466166 end_unix_nano:9241353666} status:{code:STATUS_OK message:"OK"} roles:{role_name:"Controller"}
  Request 29: role:{role_name:"Controller"} action_name:"Proof"
  Response 29: return_values:{str_value:"1|BLOCKED|1|0||0|0"} exec_time:{start_unix_nano:9241929666 end_unix_nano:9615468333} status:{code:STATUS_OK message:"OK"} roles:{role_name:"Controller"}
  Request 30: role:{role_name:"Controller"} action_name:"Resume"
  Response 30: return_values:{str_value:"1|BLOCKED|1|0||0|0"} exec_time:{start_unix_nano:9615982666 end_unix_nano:10004749916} status:{code:STATUS_OK message:"OK"} roles:{role_name:"Controller"}
  Request 31: role:{role_name:"Controller"} action_name:"Resume"
  Response 31: return_values:{str_value:"1|BLOCKED|1|0||0|0"} exec_time:{start_unix_nano:10005246458 end_unix_nano:10421212250} status:{code:STATUS_OK message:"OK"} roles:{role_name:"Controller"}
Validating trace for RunId: demo-run-id
    Action Link: Controller#0.Review
    No matching Source Link found for Action Link: Controller#0.Review
