Evidence: /private/tmp/p2p-proof-24-evidence
baseline-initial: complete finite safety exploration (1.02s)
baseline-repair: complete finite safety exploration (1.38s)
baseline-exhausted: complete finite safety exploration (1.32s)
baseline-identity: complete finite safety exploration (0.91s)
baseline-text: complete finite safety exploration (2.57s)
baseline-candidate: complete finite safety exploration (2.53s)
baseline-base: complete finite safety exploration (2.64s)
baseline-report-lost: complete finite safety exploration (1.25s)
baseline-report-access: complete finite safety exploration (1.23s)
baseline-evidence-lost: complete finite safety exploration (1.46s)
baseline-evidence-access: complete finite safety exploration (1.47s)
witness-initial: reachable witness (0.86s)
witness-repair: reachable witness (1.29s)
witness-exhausted: reachable witness (0.89s)
witness-identity: reachable witness (0.45s)
witness-text: reachable witness (0.57s)
witness-candidate: reachable witness (0.57s)
witness-base: reachable witness (0.57s)
witness-report-lost: reachable witness (0.88s)
witness-report-access: reachable witness (0.90s)
witness-evidence-lost: reachable witness (0.65s)
witness-evidence-access: reachable witness (0.65s)
witness-restart: reachable witness (1.29s)
witness-missing-stage: reachable witness (0.40s)
witness-report-save: reachable witness (0.55s)
witness-report-read: reachable witness (0.61s)
witness-evidence-absent: reachable witness (0.57s)
witness-evidence-save: reachable witness (0.45s)
witness-evidence-read: reachable witness (0.49s)
mutation-identity: expected counterexample (0.98s)
mutation-text: expected counterexample (2.46s)
mutation-candidate: expected counterexample (2.44s)
mutation-base: expected counterexample (2.46s)
mutation-repair-reset: expected counterexample (0.92s)
mutation-report-save: expected counterexample (0.69s)
mutation-report-read: expected counterexample (0.82s)
mutation-report-lost: expected counterexample (1.16s)
mutation-report-access: expected counterexample (1.17s)
mutation-evidence-absent: expected counterexample (0.77s)
mutation-evidence-save: expected counterexample (0.67s)
mutation-evidence-read: expected counterexample (0.81s)
mutation-evidence-lost: expected counterexample (1.25s)
mutation-evidence-access: expected counterexample (1.24s)
PASS: 43 checks. Model evidence only; no live-agent conformance claim.
