gRPC server started on /var/folders/vq/593qxcm57l90w1dlpywl_7nw0000gn/T/fizzbee-mbt-AJiqni/plugin.sock
Starting runner: /Users/grove/projects/promise-to-proof/.p2p/tmp/issue-30/compatibility/fizzbee-mbt-0.2.0-macos_arm/fizzbee-mbt-runner --plugin-addr=/var/folders/vq/593qxcm57l90w1dlpywl_7nw0000gn/T/fizzbee-mbt-AJiqni/plugin.sock --max-seq-runs=1 --max-parallel-runs=0 --max-actions=256 --seq-seed=42
Running 1 test with seed 42
Validation failed: Failed: Controller#0.Restart, expected: [str_value:"1|BLOCKED|5|4|implementation,review|0|1|1|0|1"], actual: [str_value:"0|REVIEWED_AND_PROVEN|5|5|implementation,proof,review|0|1|1|1|1"]
      0: Controller#0.Inspect() -> "DISABLED"
      1: Controller#0.Restart() -> "DISABLED"
      2: Controller#0.Start() -> "77|RUNNING|3|3|implementation|0|1|0|0|1"
      3: Controller#0.Resume() -> "DISABLED"
      4: Controller#0.Corrupt() -> "DISABLED"
      5: Controller#0.Inspect() -> "1|RUNNING|3|3|implementation|0|1|0|0|1"
      6: Controller#0.Start() -> "DISABLED"
      7: Controller#0.Restart() -> "DISABLED"
      8: Controller#0.Restart() -> "DISABLED"
      9: Controller#0.Start() -> "DISABLED"
     10: Controller#0.Overlap() -> "DISABLED"
     11: Controller#0.Restart() -> "DISABLED"
     12: Controller#0.Corrupt() -> "DISABLED"
     13: Controller#0.Overlap() -> "DISABLED"
     14: Controller#0.Proof() -> "DISABLED"
     15: Controller#0.Review() -> "77|RUNNING|4|4|implementation,review|0|1|1|0|1"
     16: Controller#0.Proof() -> "77|RUNNING|5|4|implementation,review|0|1|1|0|1"
     17: Controller#0.Resume() -> "DISABLED"
     18: Controller#0.Review() -> "DISABLED"
     19: Controller#0.Restart() -> "DISABLED"
     20: Controller#0.Proof() -> "DISABLED"
     21: Controller#0.Corrupt() -> "0|RUNNING|5|4|implementation,review|0|1|1|0|1"
     22: Controller#0.Corrupt() -> "DISABLED"
     23: Controller#0.Overlap() -> "DISABLED"
     24: Controller#0.Resume() -> "DISABLED"
     25: Controller#0.Overlap() -> "DISABLED"
     26: Controller#0.Resume() -> "DISABLED"
     27: Controller#0.Corrupt() -> "DISABLED"
     28: Controller#0.Overlap() -> "DISABLED"
     29: Controller#0.Overlap() -> "DISABLED"
     30: Controller#0.Corrupt() -> "DISABLED"
     31: Controller#0.Proof() -> "DISABLED"
     32: Controller#0.Start() -> "DISABLED"
     33: Controller#0.Corrupt() -> "DISABLED"
==>  34: Controller#0.Restart() -> "0|REVIEWED_AND_PROVEN|5|5|implementation,proof,review|0|1|1|1|1"
Return value mismatched
Expected:
     34: Controller#0.Restart() -> "1|BLOCKED|5|4|implementation,review|0|1|1|0|1"
Test failure after 1 trace(s).
To retry the same trace, use: --seq-seed=42
Test executor shut down gracefully
Test failed: Error: Runner exited with code 1, signal null
    at ChildProcess.<anonymous> (/Users/grove/projects/promise-to-proof/.p2p/tmp/issue-30/compatibility/node_modules/@fizzbee/mbt/dist/runner.js:137:28)
    at ChildProcess.emit (node:events:514:20)
    at ChildProcess._handle.onexit (node:internal/child_process:294:12)
