Evidence: /Users/grove/projects/promise-to-proof/.p2p/tmp/issue-30/implementation-source/.p2p/work/delivery-model-conformance/evidence/model-checks
baseline-initial: complete finite safety exploration (0.96s)
baseline-repair: complete finite safety exploration (1.47s)
baseline-exhausted: complete finite safety exploration (1.38s)
baseline-identity: complete finite safety exploration (0.95s)
baseline-text: complete finite safety exploration (2.62s)
baseline-candidate: complete finite safety exploration (2.66s)
baseline-base: complete finite safety exploration (2.64s)
baseline-report-lost: complete finite safety exploration (1.30s)
baseline-report-access: complete finite safety exploration (1.30s)
baseline-evidence-lost: complete finite safety exploration (1.53s)
baseline-evidence-access: complete finite safety exploration (1.51s)
witness-initial: reachable witness (0.89s)
witness-repair: reachable witness (1.34s)
witness-exhausted: reachable witness (0.93s)
witness-identity: reachable witness (0.49s)
witness-text: reachable witness (0.60s)
witness-candidate: reachable witness (0.60s)
witness-base: reachable witness (0.60s)
witness-report-lost: reachable witness (0.92s)
witness-report-access: reachable witness (0.92s)
witness-evidence-lost: reachable witness (0.69s)
witness-evidence-access: reachable witness (0.68s)
witness-restart: reachable witness (1.37s)
witness-missing-stage: reachable witness (0.44s)
witness-report-save: reachable witness (0.57s)
witness-report-read: reachable witness (0.79s)
witness-evidence-absent: reachable witness (0.62s)
witness-evidence-save: reachable witness (0.50s)
witness-evidence-read: reachable witness (0.56s)
mutation-identity: expected counterexample (0.97s)
mutation-text: expected counterexample (2.56s)
mutation-candidate: expected counterexample (2.52s)
mutation-base: expected counterexample (2.57s)
mutation-repair-reset: expected counterexample (0.96s)
mutation-report-save: expected counterexample (0.72s)
mutation-report-read: expected counterexample (0.85s)
mutation-report-lost: expected counterexample (1.21s)
mutation-report-access: expected counterexample (1.23s)
mutation-evidence-absent: expected counterexample (0.80s)
mutation-evidence-save: expected counterexample (0.75s)
mutation-evidence-read: expected counterexample (0.84s)
mutation-evidence-lost: expected counterexample (1.29s)
mutation-evidence-access: expected counterexample (1.28s)
PASS: 43 checks. Model evidence only; no live-agent conformance claim.
