2026/09/26 17:08:04 Loaded 14 nodes and 16 links
2026/09/26 17:08:04 State Space Options: options:{max_actions:32 max_concurrent_actions:1 crash_on_yield:true} deadlock_detection:false
Generated 7 unique operations
Generated 7 operation groups
Group: Controller#0.Proof
  Op: role:{role_name:"Controller"} action_name:"Proof", MaxYields: 0
Group: Controller#0.Restart
  Op: role:{role_name:"Controller"} action_name:"Restart", MaxYields: 0
Group: Controller#0.Resume
  Op: role:{role_name:"Controller"} action_name:"Resume", MaxYields: 0
Group: end
  Op: role:{} action_name:"end", MaxYields: 0
Group: Controller#0.Inspect
  Op: role:{role_name:"Controller"} action_name:"Inspect", MaxYields: 0
Group: Controller#0.Start
  Op: role:{role_name:"Controller"} action_name:"Start", MaxYields: 0
Group: Controller#0.Review
  Op: role:{role_name:"Controller"} action_name:"Review", MaxYields: 0
2026/09/26 17:08:04 FizzMo server listening on :50051
2026/09/26 17:08:04 Received StartTestRun request: 
Received ValidateTrace request: demo-run-id
  Request 0: role:{role_name:"Controller"} action_name:"Review"
  Response 0: return_values:{str_value:"1|ABSENT|0|0||0|0"} exec_time:{start_unix_nano:186968250 end_unix_nano:361480125} status:{code:STATUS_OK message:"OK"} roles:{role_name:"Controller"}
  Request 1: role:{role_name:"Controller"} action_name:"Resume"
  Response 1: return_values:{str_value:"1|ABSENT|0|0||0|0"} exec_time:{start_unix_nano:362593250 end_unix_nano:534018458} status:{code:STATUS_OK message:"OK"} roles:{role_name:"Controller"}
  Request 2: role:{role_name:"Controller"} action_name:"Review"
  Response 2: return_values:{str_value:"1|ABSENT|0|0||0|0"} exec_time:{start_unix_nano:534793250 end_unix_nano:720238000} status:{code:STATUS_OK message:"OK"} roles:{role_name:"Controller"}
  Request 3: role:{role_name:"Controller"} action_name:"Start"
  Response 3: exec_time:{start_unix_nano:721169250 end_unix_nano:1751565250} status:{code:STATUS_EXECUTION_FAILED message:"Action Start for role Controller failed: Traceback (most recent call last):\n  File \"/Users/grove/projects/promise-to-proof/.p2p/tmp/issue-30/implementation-source/checks/delivery-model/conformance_bridge.py\", line 228, in <module>\n    main(sys.argv[1])\n  File \"/Users/grove/projects/promise-to-proof/.p2p/tmp/issue-30/implementation-source/checks/delivery-model/conformance_bridge.py\", line 163, in main\n    code, output, detail = invoke('run', stop_before='review')\n  File \"/Users/grove/projects/promise-to-proof/.p2p/tmp/issue-30/implementation-source/checks/delivery-model/conformance_bridge.py\", line 94, in invoke\n    assert output is not None, result.stderr\nAssertionError: Traceback (most recent call last):\n  File \"/Users/grove/projects/promise-to-proof/.p2p/tmp/issue-30/implementation-source/checks/delivery-model/conformance_bridge.py\", line 226, in <module>\n    child()\n  File \"/Users/grove/projects/promise-to-proof/.p2p/tmp/issue-30/implementation-source/checks/delivery-model/conformance_bridge.py\", line 75, in child\n    sys.exit(d.main(sys.argv[2:]))\n  File \"/Users/grove/projects/promise-to-proof/.p2p/tmp/issue-30/implementation-source/skills/productivity/deliver-issue/scripts/p2p_delivery.py\", line 700, in main\n    delivery.run()\n  File \"/Users/grove/projects/promise-to-proof/.p2p/tmp/issue-30/implementation-source/skills/productivity/deliver-issue/scripts/p2p_delivery.py\", line 520, in run\n    self.preflight()\n  File \"/Users/grove/projects/promise-to-proof/.p2p/tmp/issue-30/implementation-source/skills/productivity/deliver-issue/scripts/p2p_delivery.py\", line 382, in preflight\n    attempt, host = self.dispatch(stage, inputs, prompt)\n  File \"/Users/grove/projects/promise-to-proof/.p2p/tmp/issue-30/implementation-source/skills/productivity/deliver-issue/scripts/p2p_delivery.py\", line 319, in dispatch\n    args = command(self.state['host']['executable'], scratch, folder / 'schema.json' if schema else None)\n  File \"/Users/grove/projects/promise-to-proof/.p2p/tmp/issue-30/implementation-source/skills/productivity/deliver-issue/scripts/p2p_delivery.py\", line 129, in command\n    for key, value in host_config(scratch).items():\n  File \"/Users/grove/projects/promise-to-proof/.p2p/tmp/issue-30/implementation-source/skills/productivity/deliver-issue/scripts/p2p_delivery.py\", line 95, in host_config\n    import tomllib\nModuleNotFoundError: No module named 'tomllib'\n\n"}
  Request 4: role:{role_name:"Controller"} action_name:"Resume"
  Response 4: return_values:{str_value:"1|BLOCKED|1|0||0|0"} exec_time:{start_unix_nano:1752584625 end_unix_nano:2168260166} status:{code:STATUS_OK message:"OK"} roles:{role_name:"Controller"}
  Request 5: role:{} action_name:"end"
  Response 5: exec_time:{start_unix_nano:2169143916 end_unix_nano:2169169875} status:{code:STATUS_EXECUTION_FAILED message:"Action end for role  failed: Action end not found for role "}
  Request 6: role:{role_name:"Controller"} action_name:"Proof"
  Response 6: return_values:{str_value:"1|BLOCKED|1|0||0|0"} exec_time:{start_unix_nano:2169507541 end_unix_nano:2575603041} status:{code:STATUS_OK message:"OK"} roles:{role_name:"Controller"}
  Request 7: role:{role_name:"Controller"} action_name:"Review"
  Response 7: return_values:{str_value:"1|BLOCKED|1|0||0|0"} exec_time:{start_unix_nano:2576366791 end_unix_nano:2947961666} status:{code:STATUS_OK message:"OK"} roles:{role_name:"Controller"}
  Request 8: role:{role_name:"Controller"} action_name:"Restart"
  Response 8: return_values:{str_value:"1|BLOCKED|1|0||0|0"} exec_time:{start_unix_nano:2948749666 end_unix_nano:3327424416} status:{code:STATUS_OK message:"OK"} roles:{role_name:"Controller"}
  Request 9: role:{role_name:"Controller"} action_name:"Restart"
  Response 9: return_values:{str_value:"1|BLOCKED|1|0||0|0"} exec_time:{start_unix_nano:3328106708 end_unix_nano:3727330375} status:{code:STATUS_OK message:"OK"} roles:{role_name:"Controller"}
  Request 10: role:{role_name:"Controller"} action_name:"Review"
  Response 10: return_values:{str_value:"1|BLOCKED|1|0||0|0"} exec_time:{start_unix_nano:3728217833 end_unix_nano:4138192416} status:{code:STATUS_OK message:"OK"} roles:{role_name:"Controller"}
  Request 11: role:{role_name:"Controller"} action_name:"Review"
  Response 11: return_values:{str_value:"1|BLOCKED|1|0||0|0"} exec_time:{start_unix_nano:4138848333 end_unix_nano:4562034083} status:{code:STATUS_OK message:"OK"} roles:{role_name:"Controller"}
  Request 12: role:{role_name:"Controller"} action_name:"Resume"
  Response 12: return_values:{str_value:"1|BLOCKED|1|0||0|0"} exec_time:{start_unix_nano:4562693708 end_unix_nano:4963298083} status:{code:STATUS_OK message:"OK"} roles:{role_name:"Controller"}
  Request 13: role:{} action_name:"end"
  Response 13: exec_time:{start_unix_nano:4963855583 end_unix_nano:4963883208} status:{code:STATUS_EXECUTION_FAILED message:"Action end for role  failed: Action end not found for role "}
  Request 14: role:{role_name:"Controller"} action_name:"Proof"
  Response 14: return_values:{str_value:"1|BLOCKED|1|0||0|0"} exec_time:{start_unix_nano:4964112500 end_unix_nano:5389782916} status:{code:STATUS_OK message:"OK"} roles:{role_name:"Controller"}
  Request 15: role:{} action_name:"end"
  Response 15: exec_time:{start_unix_nano:5390594208 end_unix_nano:5390621333} status:{code:STATUS_EXECUTION_FAILED message:"Action end for role  failed: Action end not found for role "}
  Request 16: role:{role_name:"Controller"} action_name:"Restart"
  Response 16: return_values:{str_value:"1|BLOCKED|1|0||0|0"} exec_time:{start_unix_nano:5391140458 end_unix_nano:5809528375} status:{code:STATUS_OK message:"OK"} roles:{role_name:"Controller"}
  Request 17: role:{role_name:"Controller"} action_name:"Inspect"
  Response 17: return_values:{str_value:"1|BLOCKED|1|0||0|0"} exec_time:{start_unix_nano:5810086083 end_unix_nano:6163520791} status:{code:STATUS_OK message:"OK"} roles:{role_name:"Controller"}
  Request 18: role:{} action_name:"end"
  Response 18: exec_time:{start_unix_nano:6164119708 end_unix_nano:6164139458} status:{code:STATUS_EXECUTION_FAILED message:"Action end for role  failed: Action end not found for role "}
  Request 19: role:{role_name:"Controller"} action_name:"Restart"
  Response 19: return_values:{str_value:"1|BLOCKED|1|0||0|0"} exec_time:{start_unix_nano:6164445875 end_unix_nano:6541561666} status:{code:STATUS_OK message:"OK"} roles:{role_name:"Controller"}
  Request 20: role:{role_name:"Controller"} action_name:"Resume"
  Response 20: return_values:{str_value:"1|BLOCKED|1|0||0|0"} exec_time:{start_unix_nano:6542078916 end_unix_nano:6909584875} status:{code:STATUS_OK message:"OK"} roles:{role_name:"Controller"}
  Request 21: role:{role_name:"Controller"} action_name:"Resume"
  Response 21: return_values:{str_value:"1|BLOCKED|1|0||0|0"} exec_time:{start_unix_nano:6910124875 end_unix_nano:7381625875} status:{code:STATUS_OK message:"OK"} roles:{role_name:"Controller"}
  Request 22: role:{role_name:"Controller"} action_name:"Proof"
  Response 22: return_values:{str_value:"1|BLOCKED|1|0||0|0"} exec_time:{start_unix_nano:7382231458 end_unix_nano:7808825333} status:{code:STATUS_OK message:"OK"} roles:{role_name:"Controller"}
  Request 23: role:{role_name:"Controller"} action_name:"Inspect"
  Response 23: return_values:{str_value:"1|BLOCKED|1|0||0|0"} exec_time:{start_unix_nano:7809836708 end_unix_nano:8213823125} status:{code:STATUS_OK message:"OK"} roles:{role_name:"Controller"}
  Request 24: role:{} action_name:"end"
  Response 24: exec_time:{start_unix_nano:8214507541 end_unix_nano:8214534458} status:{code:STATUS_EXECUTION_FAILED message:"Action end for role  failed: Action end not found for role "}
  Request 25: role:{role_name:"Controller"} action_name:"Resume"
  Response 25: return_values:{str_value:"1|BLOCKED|1|0||0|0"} exec_time:{start_unix_nano:8215007166 end_unix_nano:8599135708} status:{code:STATUS_OK message:"OK"} roles:{role_name:"Controller"}
  Request 26: role:{role_name:"Controller"} action_name:"Restart"
  Response 26: return_values:{str_value:"1|BLOCKED|1|0||0|0"} exec_time:{start_unix_nano:8599654458 end_unix_nano:8964135000} status:{code:STATUS_OK message:"OK"} roles:{role_name:"Controller"}
  Request 27: role:{role_name:"Controller"} action_name:"Start"
  Response 27: return_values:{str_value:"1|BLOCKED|1|0||0|0"} exec_time:{start_unix_nano:8964622666 end_unix_nano:9323983875} status:{code:STATUS_OK message:"OK"} roles:{role_name:"Controller"}
  Request 28: role:{role_name:"Controller"} action_name:"Restart"
  Response 28: return_values:{str_value:"1|BLOCKED|1|0||0|0"} exec_time:{start_unix_nano:9324713333 end_unix_nano:9684217041} status:{code:STATUS_OK message:"OK"} roles:{role_name:"Controller"}
  Request 29: role:{role_name:"Controller"} action_name:"Proof"
  Response 29: return_values:{str_value:"1|BLOCKED|1|0||0|0"} exec_time:{start_unix_nano:9684767583 end_unix_nano:10067458541} status:{code:STATUS_OK message:"OK"} roles:{role_name:"Controller"}
  Request 30: role:{role_name:"Controller"} action_name:"Resume"
  Response 30: return_values:{str_value:"1|BLOCKED|1|0||0|0"} exec_time:{start_unix_nano:10068147250 end_unix_nano:10715071916} status:{code:STATUS_OK message:"OK"} roles:{role_name:"Controller"}
  Request 31: role:{role_name:"Controller"} action_name:"Resume"
  Response 31: return_values:{str_value:"1|BLOCKED|1|0||0|0"} exec_time:{start_unix_nano:10715601833 end_unix_nano:11205725875} status:{code:STATUS_OK message:"OK"} roles:{role_name:"Controller"}
Validating trace for RunId: demo-run-id
    Action Link: Controller#0.Review
    No matching Source Link found for Action Link: Controller#0.Review
