args:  Namespace(input_spec='controller.fizz', lang='typescript', out_dir='controller-generated', go_package=None, java_package=None, gen_adapter=True, rel_root='controller-generated', playwright=False)
current_dir /var/folders/vq/593qxcm57l90w1dlpywl_7nw0000gn/T/Bazel.runfiles_axni06m1/runfiles/_main/mbt/generator
data_path /var/folders/vq/593qxcm57l90w1dlpywl_7nw0000gn/T/Bazel.runfiles_axni06m1/runfiles/_main/mbt/generator/templates
YAML Frontmatter: 0

FizzBee code: 5
role Controller:
    atomic action Status:
        return "BLOCKED"
action Init:
    controller = Controller()

No YAML frontmatter found
calling parser.root()
reportAttemptingFullContext 33 41 {1, 4} [(145,1,[$],up=3), (154,1,[$],up=3), (556,1,[548 171 [157 $, 289 $, 372 $]],up=3), (560,1,[548 171 [157 $, 289 $, 372 $]],up=3), (564,1,[548 171 [157 $, 289 $, 372 $]],up=3), (910,1,[[766 571 548 171 [157 $, 289 $, 372 $], 884 870 807 [712 585 548 171 [157 $, 289 $, 372 $], 1040 725 585 548 171 [157 $, 289 $, 372 $]]]],up=3), (950,1,[917 [766 571 548 171 [157 $, 289 $, 372 $], 884 870 807 [712 585 548 171 [157 $, 289 $, 372 $], 1040 725 585 548 171 [157 $, 289 $, 372 $]]]],up=3), (956,1,[917 [766 571 548 171 [157 $, 289 $, 372 $], 884 870 807 [712 585 548 171 [157 $, 289 $, 372 $], 1040 725 585 548 171 [157 $, 289 $, 372 $]]]],up=3), (961,1,[917 [766 571 548 171 [157 $, 289 $, 372 $], 884 870 807 [712 585 548 171 [157 $, 289 $, 372 $], 1040 725 585 548 171 [157 $, 289 $, 372 $]]]],up=3), (966,1,[917 [766 571 548 171 [157 $, 289 $, 372 $], 884 870 807 [712 585 548 171 [157 $, 289 $, 372 $], 1040 725 585 548 171 [157 $, 289 $, 372 $]]]],up=3), (1057,1,[981 917 [766 571 548 171 [157 $, 289 $, 372 $], 884 870 807 [712 585 548 171 [157 $, 289 $, 372 $], 1040 725 585 548 171 [157 $, 289 $, 372 $]]]],up=3), (968,1,[917 [766 571 548 171 [157 $, 289 $, 372 $], 884 870 807 [712 585 548 171 [157 $, 289 $, 372 $], 1040 725 585 548 171 [157 $, 289 $, 372 $]]]],up=3), (969,1,[917 [766 571 548 171 [157 $, 289 $, 372 $], 884 870 807 [712 585 548 171 [157 $, 289 $, 372 $], 1040 725 585 548 171 [157 $, 289 $, 372 $]]]],up=3), (970,1,[917 [766 571 548 171 [157 $, 289 $, 372 $], 884 870 807 [712 585 548 171 [157 $, 289 $, 372 $], 1040 725 585 548 171 [157 $, 289 $, 372 $]]]],up=3), (1064,1,[1063 981 917 [766 571 548 171 [157 $, 289 $, 372 $], 884 870 807 [712 585 548 171 [157 $, 289 $, 372 $], 1040 725 585 548 171 [157 $, 289 $, 372 $]]]],up=3), (1060,1,[981 917 [766 571 548 171 [157 $, 289 $, 372 $], 884 870 807 [712 585 548 171 [157 $, 289 $, 372 $], 1040 725 585 548 171 [157 $, 289 $, 372 $]]]],up=3), (1061,1,[981 917 [766 571 548 171 [157 $, 289 $, 372 $], 884 870 807 [712 585 548 171 [157 $, 289 $, 372 $], 1040 725 585 548 171 [157 $, 289 $, 372 $]]]],up=3), (974,1,[917 [766 571 548 171 [157 $, 289 $, 372 $], 884 870 807 [712 585 548 171 [157 $, 289 $, 372 $], 1040 725 585 548 171 [157 $, 289 $, 372 $]]]],up=3), (975,1,[917 [766 571 548 171 [157 $, 289 $, 372 $], 884 870 807 [712 585 548 171 [157 $, 289 $, 372 $], 1040 725 585 548 171 [157 $, 289 $, 372 $]]]],up=3), (920,1,[[766 571 548 171 [157 $, 289 $, 372 $], 884 870 807 [712 585 548 171 [157 $, 289 $, 372 $], 1040 725 585 548 171 [157 $, 289 $, 372 $]]]],up=3), (581,1,[548 171 [157 $, 289 $, 372 $]],up=3), (867,1,[807 [712 585 548 171 [157 $, 289 $, 372 $], 1040 725 585 548 171 [157 $, 289 $, 372 $]]],up=3), (809,1,[[712 585 548 171 [157 $, 289 $, 372 $], 1040 725 585 548 171 [157 $, 289 $, 372 $]]],up=3), (726,1,[712 585 548 171 [157 $, 289 $, 372 $]],up=3), (588,1,[548 171 [157 $, 289 $, 372 $]],up=3), (615,1,[548 171 [157 $, 289 $, 372 $]],up=3), (617,1,[548 171 [157 $, 289 $, 372 $]],up=3), (618,1,[548 171 [157 $, 289 $, 372 $]],up=3), (619,1,[548 171 [157 $, 289 $, 372 $]],up=3), (620,1,[548 171 [157 $, 289 $, 372 $]],up=3), (624,1,[548 171 [157 $, 289 $, 372 $]],up=3), (1066,1,[708 548 171 [157 $, 289 $, 372 $]],up=3), (641,1,[548 171 [157 $, 289 $, 372 $]],up=3), (643,1,[548 171 [157 $, 289 $, 372 $]],up=3), (667,1,[548 171 [157 $, 289 $, 372 $]],up=3), (677,1,[548 171 [157 $, 289 $, 372 $]],up=3), (689,1,[548 171 [157 $, 289 $, 372 $]],up=3), (696,1,[548 171 [157 $, 289 $, 372 $]],up=3), (178,1,[171 [157 $, 289 $, 372 $]],up=3), (191,1,[171 [157 $, 289 $, 372 $]],up=3), (194,1,[171 [157 $, 289 $, 372 $]],up=3), (199,1,[171 [157 $, 289 $, 372 $]],up=3), (202,1,[171 [157 $, 289 $, 372 $]],up=3), (209,1,[171 [157 $, 289 $, 372 $]],up=3), (226,1,[171 [157 $, 289 $, 372 $]],up=3), (229,1,[171 [157 $, 289 $, 372 $]],up=3), (314,1,[[243 171 [157 $, 289 $, 372 $], 253 171 [157 $, 289 $, 372 $]]],up=3), (377,1,[250 171 [157 $, 289 $, 372 $]],up=3), (389,1,[250 171 [157 $, 289 $, 372 $]],up=3), (392,1,[250 171 [157 $, 289 $, 372 $]],up=3), (362,1,[283 171 [157 $, 289 $, 372 $]],up=3), (365,1,[283 171 [157 $, 289 $, 372 $]],up=3), (417,1,[[260 171 [157 $, 289 $, 372 $], 411 283 171 [157 $, 289 $, 372 $]]],up=3), (261,1,[171 [157 $, 289 $, 372 $]],up=3), (268,1,[171 [157 $, 289 $, 372 $]],up=3), (271,1,[171 [157 $, 289 $, 372 $]],up=3), (473,1,[283 171 [157 $, 289 $, 372 $]],up=3), (406,1,[283 171 [157 $, 289 $, 372 $]],up=3), (412,1,[283 171 [157 $, 289 $, 372 $]],up=3), (424,1,[283 171 [157 $, 289 $, 372 $]],up=3), (427,1,[283 171 [157 $, 289 $, 372 $]],up=3), (437,1,[283 171 [157 $, 289 $, 372 $]],up=3), (453,1,[283 171 [157 $, 289 $, 372 $]],up=3), (279,1,[171 [157 $, 289 $, 372 $]],up=3), (172,1,[171 [157 $, 289 $, 372 $]],up=3), (292,1,[$],up=3), (375,1,[$],up=3), (325,1,[184 $],up=4), (330,1,[[190 $, 219 $]],up=4), (150,1,[$],up=4), (343,1,[214 $],up=4), (334,1,[[222 $, 225 $]],up=4), (145,4,[$],up=3), (154,4,[$],up=3), (556,4,[548 171 [157 $, 289 $, 372 $]],up=3), (560,4,[548 171 [157 $, 289 $, 372 $]],up=3), (564,4,[548 171 [157 $, 289 $, 372 $]],up=3), (910,4,[[766 571 548 171 [157 $, 289 $, 372 $], 884 870 807 [712 585 548 171 [157 $, 289 $, 372 $], 1040 725 585 548 171 [157 $, 289 $, 372 $]]]],up=3), (950,4,[917 [766 571 548 171 [157 $, 289 $, 372 $], 884 870 807 [712 585 548 171 [157 $, 289 $, 372 $], 1040 725 585 548 171 [157 $, 289 $, 372 $]]]],up=3), (956,4,[917 [766 571 548 171 [157 $, 289 $, 372 $], 884 870 807 [712 585 548 171 [157 $, 289 $, 372 $], 1040 725 585 548 171 [157 $, 289 $, 372 $]]]],up=3), (961,4,[917 [766 571 548 171 [157 $, 289 $, 372 $], 884 870 807 [712 585 548 171 [157 $, 289 $, 372 $], 1040 725 585 548 171 [157 $, 289 $, 372 $]]]],up=3), (966,4,[917 [766 571 548 171 [157 $, 289 $, 372 $], 884 870 807 [712 585 548 171 [157 $, 289 $, 372 $], 1040 725 585 548 171 [157 $, 289 $, 372 $]]]],up=3), (1057,4,[981 917 [766 571 548 171 [157 $, 289 $, 372 $], 884 870 807 [712 585 548 171 [157 $, 289 $, 372 $], 1040 725 585 548 171 [157 $, 289 $, 372 $]]]],up=3), (968,4,[917 [766 571 548 171 [157 $, 289 $, 372 $], 884 870 807 [712 585 548 171 [157 $, 289 $, 372 $], 1040 725 585 548 171 [157 $, 289 $, 372 $]]]],up=3), (969,4,[917 [766 571 548 171 [157 $, 289 $, 372 $], 884 870 807 [712 585 548 171 [157 $, 289 $, 372 $], 1040 725 585 548 171 [157 $, 289 $, 372 $]]]],up=3), (970,4,[917 [766 571 548 171 [157 $, 289 $, 372 $], 884 870 807 [712 585 548 171 [157 $, 289 $, 372 $], 1040 725 585 548 171 [157 $, 289 $, 372 $]]]],up=3), (1064,4,[1063 981 917 [766 571 548 171 [157 $, 289 $, 372 $], 884 870 807 [712 585 548 171 [157 $, 289 $, 372 $], 1040 725 585 548 171 [157 $, 289 $, 372 $]]]],up=3), (1060,4,[981 917 [766 571 548 171 [157 $, 289 $, 372 $], 884 870 807 [712 585 548 171 [157 $, 289 $, 372 $], 1040 725 585 548 171 [157 $, 289 $, 372 $]]]],up=3), (1061,4,[981 917 [766 571 548 171 [157 $, 289 $, 372 $], 884 870 807 [712 585 548 171 [157 $, 289 $, 372 $], 1040 725 585 548 171 [157 $, 289 $, 372 $]]]],up=3), (974,4,[917 [766 571 548 171 [157 $, 289 $, 372 $], 884 870 807 [712 585 548 171 [157 $, 289 $, 372 $], 1040 725 585 548 171 [157 $, 289 $, 372 $]]]],up=3), (975,4,[917 [766 571 548 171 [157 $, 289 $, 372 $], 884 870 807 [712 585 548 171 [157 $, 289 $, 372 $], 1040 725 585 548 171 [157 $, 289 $, 372 $]]]],up=3), (920,4,[[766 571 548 171 [157 $, 289 $, 372 $], 884 870 807 [712 585 548 171 [157 $, 289 $, 372 $], 1040 725 585 548 171 [157 $, 289 $, 372 $]]]],up=3), (581,4,[548 171 [157 $, 289 $, 372 $]],up=3), (867,4,[807 [712 585 548 171 [157 $, 289 $, 372 $], 1040 725 585 548 171 [157 $, 289 $, 372 $]]],up=3), (809,4,[[712 585 548 171 [157 $, 289 $, 372 $], 1040 725 585 548 171 [157 $, 289 $, 372 $]]],up=3), (726,4,[712 585 548 171 [157 $, 289 $, 372 $]],up=3), (588,4,[548 171 [157 $, 289 $, 372 $]],up=3), (615,4,[548 171 [157 $, 289 $, 372 $]],up=3), (617,4,[548 171 [157 $, 289 $, 372 $]],up=3), (618,4,[548 171 [157 $, 289 $, 372 $]],up=3), (619,4,[548 171 [157 $, 289 $, 372 $]],up=3), (620,4,[548 171 [157 $, 289 $, 372 $]],up=3), (624,4,[548 171 [157 $, 289 $, 372 $]],up=3), (1066,4,[708 548 171 [157 $, 289 $, 372 $]],up=3), (641,4,[548 171 [157 $, 289 $, 372 $]],up=3), (643,4,[548 171 [157 $, 289 $, 372 $]],up=3), (667,4,[548 171 [157 $, 289 $, 372 $]],up=3), (677,4,[548 171 [157 $, 289 $, 372 $]],up=3), (689,4,[548 171 [157 $, 289 $, 372 $]],up=3), (696,4,[548 171 [157 $, 289 $, 372 $]],up=3), (178,4,[171 [157 $, 289 $, 372 $]],up=3), (191,4,[171 [157 $, 289 $, 372 $]],up=3), (194,4,[171 [157 $, 289 $, 372 $]],up=3), (199,4,[171 [157 $, 289 $, 372 $]],up=3), (202,4,[171 [157 $, 289 $, 372 $]],up=3), (209,4,[171 [157 $, 289 $, 372 $]],up=3), (226,4,[171 [157 $, 289 $, 372 $]],up=3), (229,4,[171 [157 $, 289 $, 372 $]],up=3), (314,4,[[243 171 [157 $, 289 $, 372 $], 253 171 [157 $, 289 $, 372 $]]],up=3), (377,4,[250 171 [157 $, 289 $, 372 $]],up=3), (389,4,[250 171 [157 $, 289 $, 372 $]],up=3), (392,4,[250 171 [157 $, 289 $, 372 $]],up=3), (362,4,[283 171 [157 $, 289 $, 372 $]],up=3), (365,4,[283 171 [157 $, 289 $, 372 $]],up=3), (417,4,[[260 171 [157 $, 289 $, 372 $], 411 283 171 [157 $, 289 $, 372 $]]],up=3), (261,4,[171 [157 $, 289 $, 372 $]],up=3), (268,4,[171 [157 $, 289 $, 372 $]],up=3), (271,4,[171 [157 $, 289 $, 372 $]],up=3), (473,4,[283 171 [157 $, 289 $, 372 $]],up=3), (406,4,[283 171 [157 $, 289 $, 372 $]],up=3), (412,4,[283 171 [157 $, 289 $, 372 $]],up=3), (424,4,[283 171 [157 $, 289 $, 372 $]],up=3), (427,4,[283 171 [157 $, 289 $, 372 $]],up=3), (437,4,[283 171 [157 $, 289 $, 372 $]],up=3), (453,4,[283 171 [157 $, 289 $, 372 $]],up=3), (279,4,[171 [157 $, 289 $, 372 $]],up=3), (172,4,[171 [157 $, 289 $, 372 $]],up=3), (292,4,[$],up=3), (375,4,[$],up=3), (325,4,[184 $],up=4), (330,4,[[190 $, 219 $]],up=4), (150,4,[$],up=4), (343,4,[214 $],up=4), (334,4,[[222 $, 225 $]],up=4)],conflictingAlts={1, 4},dipsIntoOuterContext
reportAmbiguity 33 41 False None [(556,1,[548 171 289 416 283 171 157 144 $]), (560,1,[548 171 289 416 283 171 157 144 $]), (564,1,[548 171 289 416 283 171 157 144 $]), (910,1,[[766 571 548 171 289 416 283 171 157 144 $, 884 870 807 [712 585 548 171 289 416 283 171 157 144 $, 1040 725 585 548 171 289 416 283 171 157 144 $]]]), (950,1,[917 [766 571 548 171 289 416 283 171 157 144 $, 884 870 807 [712 585 548 171 289 416 283 171 157 144 $, 1040 725 585 548 171 289 416 283 171 157 144 $]]]), (956,1,[917 [766 571 548 171 289 416 283 171 157 144 $, 884 870 807 [712 585 548 171 289 416 283 171 157 144 $, 1040 725 585 548 171 289 416 283 171 157 144 $]]]), (961,1,[917 [766 571 548 171 289 416 283 171 157 144 $, 884 870 807 [712 585 548 171 289 416 283 171 157 144 $, 1040 725 585 548 171 289 416 283 171 157 144 $]]]), (966,1,[917 [766 571 548 171 289 416 283 171 157 144 $, 884 870 807 [712 585 548 171 289 416 283 171 157 144 $, 1040 725 585 548 171 289 416 283 171 157 144 $]]]), (1057,1,[981 917 [766 571 548 171 289 416 283 171 157 144 $, 884 870 807 [712 585 548 171 289 416 283 171 157 144 $, 1040 725 585 548 171 289 416 283 171 157 144 $]]]), (968,1,[917 [766 571 548 171 289 416 283 171 157 144 $, 884 870 807 [712 585 548 171 289 416 283 171 157 144 $, 1040 725 585 548 171 289 416 283 171 157 144 $]]]), (969,1,[917 [766 571 548 171 289 416 283 171 157 144 $, 884 870 807 [712 585 548 171 289 416 283 171 157 144 $, 1040 725 585 548 171 289 416 283 171 157 144 $]]]), (970,1,[917 [766 571 548 171 289 416 283 171 157 144 $, 884 870 807 [712 585 548 171 289 416 283 171 157 144 $, 1040 725 585 548 171 289 416 283 171 157 144 $]]]), (1064,1,[1063 981 917 [766 571 548 171 289 416 283 171 157 144 $, 884 870 807 [712 585 548 171 289 416 283 171 157 144 $, 1040 725 585 548 171 289 416 283 171 157 144 $]]]), (1060,1,[981 917 [766 571 548 171 289 416 283 171 157 144 $, 884 870 807 [712 585 548 171 289 416 283 171 157 144 $, 1040 725 585 548 171 289 416 283 171 157 144 $]]]), (1061,1,[981 917 [766 571 548 171 289 416 283 171 157 144 $, 884 870 807 [712 585 548 171 289 416 283 171 157 144 $, 1040 725 585 548 171 289 416 283 171 157 144 $]]]), (974,1,[917 [766 571 548 171 289 416 283 171 157 144 $, 884 870 807 [712 585 548 171 289 416 283 171 157 144 $, 1040 725 585 548 171 289 416 283 171 157 144 $]]]), (975,1,[917 [766 571 548 171 289 416 283 171 157 144 $, 884 870 807 [712 585 548 171 289 416 283 171 157 144 $, 1040 725 585 548 171 289 416 283 171 157 144 $]]]), (920,1,[[766 571 548 171 289 416 283 171 157 144 $, 884 870 807 [712 585 548 171 289 416 283 171 157 144 $, 1040 725 585 548 171 289 416 283 171 157 144 $]]]), (581,1,[548 171 289 416 283 171 157 144 $]), (867,1,[807 [712 585 548 171 289 416 283 171 157 144 $, 1040 725 585 548 171 289 416 283 171 157 144 $]]), (809,1,[[712 585 548 171 289 416 283 171 157 144 $, 1040 725 585 548 171 289 416 283 171 157 144 $]]), (726,1,[712 585 548 171 289 416 283 171 157 144 $]), (588,1,[548 171 289 416 283 171 157 144 $]), (615,1,[548 171 289 416 283 171 157 144 $]), (617,1,[548 171 289 416 283 171 157 144 $]), (618,1,[548 171 289 416 283 171 157 144 $]), (619,1,[548 171 289 416 283 171 157 144 $]), (620,1,[548 171 289 416 283 171 157 144 $]), (624,1,[548 171 289 416 283 171 157 144 $]), (1066,1,[708 548 171 289 416 283 171 157 144 $]), (641,1,[548 171 289 416 283 171 157 144 $]), (643,1,[548 171 289 416 283 171 157 144 $]), (667,1,[548 171 289 416 283 171 157 144 $]), (677,1,[548 171 289 416 283 171 157 144 $]), (689,1,[548 171 289 416 283 171 157 144 $]), (696,1,[548 171 289 416 283 171 157 144 $]), (178,1,[171 289 416 283 171 157 144 $]), (191,1,[171 289 416 283 171 157 144 $]), (194,1,[171 289 416 283 171 157 144 $]), (199,1,[171 289 416 283 171 157 144 $]), (202,1,[171 289 416 283 171 157 144 $]), (209,1,[171 289 416 283 171 157 144 $]), (226,1,[171 289 416 283 171 157 144 $]), (229,1,[171 289 416 283 171 157 144 $]), (314,1,[[243 171 289 416 283 171 157 144 $, 253 171 289 416 283 171 157 144 $]]), (377,1,[250 171 289 416 283 171 157 144 $]), (389,1,[250 171 289 416 283 171 157 144 $]), (392,1,[250 171 289 416 283 171 157 144 $]), (362,1,[283 171 289 416 283 171 157 144 $]), (365,1,[283 171 289 416 283 171 157 144 $]), (417,1,[[260 171 289 416 283 171 157 144 $, 411 283 171 289 416 283 171 157 144 $]]), (261,1,[171 289 416 283 171 157 144 $]), (268,1,[171 289 416 283 171 157 144 $]), (271,1,[171 289 416 283 171 157 144 $]), (473,1,[283 171 289 416 283 171 157 144 $]), (406,1,[283 171 289 416 283 171 157 144 $]), (412,1,[283 171 289 416 283 171 157 144 $]), (424,1,[283 171 289 416 283 171 157 144 $]), (427,1,[283 171 289 416 283 171 157 144 $]), (437,1,[283 171 289 416 283 171 157 144 $]), (453,1,[283 171 289 416 283 171 157 144 $]), (279,1,[171 289 416 283 171 157 144 $]), (172,1,[171 289 416 283 171 157 144 $]), (292,1,[416 283 171 157 144 $]), (556,4,[548 171 289 416 283 171 157 144 $]), (560,4,[548 171 289 416 283 171 157 144 $]), (564,4,[548 171 289 416 283 171 157 144 $]), (910,4,[[766 571 548 171 289 416 283 171 157 144 $, 884 870 807 [712 585 548 171 289 416 283 171 157 144 $, 1040 725 585 548 171 289 416 283 171 157 144 $]]]), (950,4,[917 [766 571 548 171 289 416 283 171 157 144 $, 884 870 807 [712 585 548 171 289 416 283 171 157 144 $, 1040 725 585 548 171 289 416 283 171 157 144 $]]]), (956,4,[917 [766 571 548 171 289 416 283 171 157 144 $, 884 870 807 [712 585 548 171 289 416 283 171 157 144 $, 1040 725 585 548 171 289 416 283 171 157 144 $]]]), (961,4,[917 [766 571 548 171 289 416 283 171 157 144 $, 884 870 807 [712 585 548 171 289 416 283 171 157 144 $, 1040 725 585 548 171 289 416 283 171 157 144 $]]]), (966,4,[917 [766 571 548 171 289 416 283 171 157 144 $, 884 870 807 [712 585 548 171 289 416 283 171 157 144 $, 1040 725 585 548 171 289 416 283 171 157 144 $]]]), (1057,4,[981 917 [766 571 548 171 289 416 283 171 157 144 $, 884 870 807 [712 585 548 171 289 416 283 171 157 144 $, 1040 725 585 548 171 289 416 283 171 157 144 $]]]), (968,4,[917 [766 571 548 171 289 416 283 171 157 144 $, 884 870 807 [712 585 548 171 289 416 283 171 157 144 $, 1040 725 585 548 171 289 416 283 171 157 144 $]]]), (969,4,[917 [766 571 548 171 289 416 283 171 157 144 $, 884 870 807 [712 585 548 171 289 416 283 171 157 144 $, 1040 725 585 548 171 289 416 283 171 157 144 $]]]), (970,4,[917 [766 571 548 171 289 416 283 171 157 144 $, 884 870 807 [712 585 548 171 289 416 283 171 157 144 $, 1040 725 585 548 171 289 416 283 171 157 144 $]]]), (1064,4,[1063 981 917 [766 571 548 171 289 416 283 171 157 144 $, 884 870 807 [712 585 548 171 289 416 283 171 157 144 $, 1040 725 585 548 171 289 416 283 171 157 144 $]]]), (1060,4,[981 917 [766 571 548 171 289 416 283 171 157 144 $, 884 870 807 [712 585 548 171 289 416 283 171 157 144 $, 1040 725 585 548 171 289 416 283 171 157 144 $]]]), (1061,4,[981 917 [766 571 548 171 289 416 283 171 157 144 $, 884 870 807 [712 585 548 171 289 416 283 171 157 144 $, 1040 725 585 548 171 289 416 283 171 157 144 $]]]), (974,4,[917 [766 571 548 171 289 416 283 171 157 144 $, 884 870 807 [712 585 548 171 289 416 283 171 157 144 $, 1040 725 585 548 171 289 416 283 171 157 144 $]]]), (975,4,[917 [766 571 548 171 289 416 283 171 157 144 $, 884 870 807 [712 585 548 171 289 416 283 171 157 144 $, 1040 725 585 548 171 289 416 283 171 157 144 $]]]), (920,4,[[766 571 548 171 289 416 283 171 157 144 $, 884 870 807 [712 585 548 171 289 416 283 171 157 144 $, 1040 725 585 548 171 289 416 283 171 157 144 $]]]), (581,4,[548 171 289 416 283 171 157 144 $]), (867,4,[807 [712 585 548 171 289 416 283 171 157 144 $, 1040 725 585 548 171 289 416 283 171 157 144 $]]), (809,4,[[712 585 548 171 289 416 283 171 157 144 $, 1040 725 585 548 171 289 416 283 171 157 144 $]]), (726,4,[712 585 548 171 289 416 283 171 157 144 $]), (588,4,[548 171 289 416 283 171 157 144 $]), (615,4,[548 171 289 416 283 171 157 144 $]), (617,4,[548 171 289 416 283 171 157 144 $]), (618,4,[548 171 289 416 283 171 157 144 $]), (619,4,[548 171 289 416 283 171 157 144 $]), (620,4,[548 171 289 416 283 171 157 144 $]), (624,4,[548 171 289 416 283 171 157 144 $]), (1066,4,[708 548 171 289 416 283 171 157 144 $]), (641,4,[548 171 289 416 283 171 157 144 $]), (643,4,[548 171 289 416 283 171 157 144 $]), (667,4,[548 171 289 416 283 171 157 144 $]), (677,4,[548 171 289 416 283 171 157 144 $]), (689,4,[548 171 289 416 283 171 157 144 $]), (696,4,[548 171 289 416 283 171 157 144 $]), (178,4,[171 289 416 283 171 157 144 $]), (191,4,[171 289 416 283 171 157 144 $]), (194,4,[171 289 416 283 171 157 144 $]), (199,4,[171 289 416 283 171 157 144 $]), (202,4,[171 289 416 283 171 157 144 $]), (209,4,[171 289 416 283 171 157 144 $]), (226,4,[171 289 416 283 171 157 144 $]), (229,4,[171 289 416 283 171 157 144 $]), (314,4,[[243 171 289 416 283 171 157 144 $, 253 171 289 416 283 171 157 144 $]]), (377,4,[250 171 289 416 283 171 157 144 $]), (389,4,[250 171 289 416 283 171 157 144 $]), (392,4,[250 171 289 416 283 171 157 144 $]), (362,4,[283 171 289 416 283 171 157 144 $]), (365,4,[283 171 289 416 283 171 157 144 $]), (417,4,[[260 171 289 416 283 171 157 144 $, 411 283 171 289 416 283 171 157 144 $]]), (261,4,[171 289 416 283 171 157 144 $]), (268,4,[171 289 416 283 171 157 144 $]), (271,4,[171 289 416 283 171 157 144 $]), (473,4,[283 171 289 416 283 171 157 144 $]), (406,4,[283 171 289 416 283 171 157 144 $]), (412,4,[283 171 289 416 283 171 157 144 $]), (424,4,[283 171 289 416 283 171 157 144 $]), (427,4,[283 171 289 416 283 171 157 144 $]), (437,4,[283 171 289 416 283 171 157 144 $]), (453,4,[283 171 289 416 283 171 157 144 $]), (279,4,[171 289 416 283 171 157 144 $]), (172,4,[171 289 416 283 171 157 144 $]), (292,4,[416 283 171 157 144 $])]
calling BuildAstVisitor() dir ['__class__', '__delattr__', '__dict__', '__dir__', '__doc__', '__eq__', '__format__', '__ge__', '__getattribute__', '__getstate__', '__gt__', '__hash__', '__init__', '__init_subclass__', '__le__', '__lt__', '__module__', '__ne__', '__new__', '__reduce__', '__reduce_ex__', '__repr__', '__setattr__', '__sizeof__', '__str__', '__subclasshook__', '__weakref__', 'aggregateResult', 'defaultResult', 'file_name', 'file_path', 'get_py_str', 'input_stream', 'is_list_of_type', 'log_childtree', 'log_symbol', 'shouldVisitNextChild', 'transform_code', 'visit', 'visitAction_stmt', 'visitActiondef', 'visitAny_assign_stmt', 'visitAny_stmt', 'visitArglist', 'visitArgs', 'visitArgument', 'visitArguments', 'visitAssert_stmt', 'visitAssertion_stmt', 'visitAssertiondef', 'visitAssign_part', 'visitAtom', 'visitBreak_stmt', 'visitChildren', 'visitClass_or_func_def_stmt', 'visitClassdef', 'visitComp_for', 'visitComp_iter', 'visitComparison', 'visitCompose_entry', 'visitCompose_stmt', 'visitComposedef', 'visitContinue_stmt', 'visitDecorator', 'visitDef_parameter', 'visitDef_parameters', 'visitDel_stmt', 'visitDictorsetmaker', 'visitDotted_as_name', 'visitDotted_as_names', 'visitDotted_name', 'visitElif_clause', 'visitElse_clause', 'visitErrorNode', 'visitEval_input', 'visitExcept_clause', 'visitExec_stmt', 'visitExpr', 'visitExpr_stmt', 'visitExprlist', 'visitFairness', 'visitFile_input', 'visitFinally_clause', 'visitFlow_stmt', 'visitFor_stmt', 'visitFrom_stmt', 'visitFunc_call_stmt', 'visitFuncdef', 'visitFunction_stmt', 'visitFunctiondef', 'visitGlobal_stmt', 'visitIf_stmt', 'visitImport_as_name', 'visitImport_as_names', 'visitImport_stmt', 'visitInit_stmt', 'visitInteger', 'visitInvariant_stmt', 'visitInvariants_stmt', 'visitInvariants_suite', 'visitKwargs', 'visitLabeled_stmt', 'visitLogical_test', 'visitName', 'visitNamed_parameter', 'visitNonlocal_stmt', 'visitNumber', 'visitPass_stmt', 'visitPrint_stmt', 'visitRaise_stmt', 'visitRefine_stmt', 'visitRefinedef', 'visitRequire_stmt', 'visitReturn_stmt', 'visitRole_def_stmt', 'visitRoledef', 'visitRoot', 'visitSimple_stmt', 'visitSingle_input', 'visitSliceop', 'visitStar_expr', 'visitStmt', 'visitSubscript', 'visitSubscriptlist', 'visitSuite', 'visitTerminal', 'visitTest', 'visitTestlist', 'visitTestlist_comp', 'visitTestlist_star_expr', 'visitTrailer', 'visitTry_stmt', 'visitTypedargslist', 'visitVarargs', 'visitVarargslist', 'visitVardef_parameter', 'visitVardef_parameters', 'visitVarkwargs', 'visitWhile_stmt', 'visitWith_item', 'visitWith_stmt', 'visitYield_arg', 'visitYield_expr', 'visitYield_stmt']


visitFile_input File_inputContext
visitFile_input roleController:atomicactionStatus:return"BLOCKED"actionInit:controller=Controller()
visitFile_input ['EMPTY', 'LINE_BREAK', '__class__', '__delattr__', '__dict__', '__dir__', '__doc__', '__eq__', '__format__', '__ge__', '__getattribute__', '__getstate__', '__gt__', '__hash__', '__init__', '__init_subclass__', '__le__', '__lt__', '__module__', '__ne__', '__new__', '__reduce__', '__reduce_ex__', '__repr__', '__setattr__', '__sizeof__', '__slots__', '__str__', '__subclasshook__', '__weakref__', 'accept', 'addChild', 'addErrorNode', 'addTokenNode', 'children', 'copyFrom', 'depth', 'enterRule', 'exception', 'exitRule', 'getAltNumber', 'getChild', 'getChildCount', 'getChildren', 'getPayload', 'getRuleContext', 'getRuleIndex', 'getSourceInterval', 'getText', 'getToken', 'getTokens', 'getTypedRuleContext', 'getTypedRuleContexts', 'invokingState', 'isEmpty', 'parentCtx', 'parser', 'removeLastChild', 'setAltNumber', 'start', 'stmt', 'stop', 'toString', 'toStringTree']
visitFile_input children count 2
['DEFAULT_CHANNEL', 'EMPTY_SOURCE', 'EOF', 'EPSILON', 'HIDDEN_CHANNEL', 'INVALID_TYPE', 'MIN_USER_TOKEN_TYPE', '__class__', '__delattr__', '__dict__', '__dir__', '__doc__', '__eq__', '__format__', '__ge__', '__getattribute__', '__getstate__', '__gt__', '__hash__', '__init__', '__init_subclass__', '__le__', '__lt__', '__module__', '__ne__', '__new__', '__reduce__', '__reduce_ex__', '__repr__', '__setattr__', '__sizeof__', '__slots__', '__str__', '__subclasshook__', '__weakref__', '_text', 'channel', 'clone', 'column', 'getInputStream', 'getTokenSource', 'line', 'source', 'start', 'stop', 'text', 'tokenIndex', 'type']

visitFile_input child index 0 roleController:atomicactionStatus:return"BLOCKED" StmtContext


visitStmt StmtContext
visitStmt child roleController:atomicactionStatus:return"BLOCKED"


visitRole_def_stmt Role_def_stmtContext
visitRole_def_stmt roleController:atomicactionStatus:return"BLOCKED"
visitRole_def_stmt ['EMPTY', '__class__', '__delattr__', '__dict__', '__dir__', '__doc__', '__eq__', '__format__', '__ge__', '__getattribute__', '__getstate__', '__gt__', '__hash__', '__init__', '__init_subclass__', '__le__', '__lt__', '__module__', '__ne__', '__new__', '__reduce__', '__reduce_ex__', '__repr__', '__setattr__', '__sizeof__', '__slots__', '__str__', '__subclasshook__', '__weakref__', 'accept', 'addChild', 'addErrorNode', 'addTokenNode', 'children', 'copyFrom', 'decorator', 'depth', 'enterRule', 'exception', 'exitRule', 'getAltNumber', 'getChild', 'getChildCount', 'getChildren', 'getPayload', 'getRuleContext', 'getRuleIndex', 'getSourceInterval', 'getText', 'getToken', 'getTokens', 'getTypedRuleContext', 'getTypedRuleContexts', 'invokingState', 'isEmpty', 'parentCtx', 'parser', 'removeLastChild', 'roledef', 'setAltNumber', 'start', 'stop', 'toString', 'toStringTree']
visitRole_def_stmt children count 1
visitRole_def_stmt full text
 role Controller:
    atomic action Status:
        return "BLOCKED"


visitRole_def_stmt child index 0 roleController:atomicactionStatus:return"BLOCKED"


visitRoledef RoledefContext
visitRoledef roleController:atomicactionStatus:return"BLOCKED"
visitRoledef ['COLON', 'DEDENT', 'EMPTY', 'INDENT', 'LINE_BREAK', 'ROLE', 'SYMMETRIC', '__class__', '__delattr__', '__dict__', '__dir__', '__doc__', '__eq__', '__format__', '__ge__', '__getattribute__', '__getstate__', '__gt__', '__hash__', '__init__', '__init_subclass__', '__le__', '__lt__', '__module__', '__ne__', '__new__', '__reduce__', '__reduce_ex__', '__repr__', '__setattr__', '__sizeof__', '__slots__', '__str__', '__subclasshook__', '__weakref__', 'accept', 'addChild', 'addErrorNode', 'addTokenNode', 'children', 'copyFrom', 'depth', 'enterRule', 'exception', 'exitRule', 'getAltNumber', 'getChild', 'getChildCount', 'getChildren', 'getPayload', 'getRuleContext', 'getRuleIndex', 'getSourceInterval', 'getText', 'getToken', 'getTokens', 'getTypedRuleContext', 'getTypedRuleContexts', 'invokingState', 'isEmpty', 'name', 'parentCtx', 'parser', 'removeLastChild', 'setAltNumber', 'start', 'stmt', 'stop', 'toString', 'toStringTree']
visitRoledef children count 7
['DEFAULT_CHANNEL', 'EMPTY_SOURCE', 'EOF', 'EPSILON', 'HIDDEN_CHANNEL', 'INVALID_TYPE', 'MIN_USER_TOKEN_TYPE', '__class__', '__delattr__', '__dict__', '__dir__', '__doc__', '__eq__', '__format__', '__ge__', '__getattribute__', '__getstate__', '__gt__', '__hash__', '__init__', '__init_subclass__', '__le__', '__lt__', '__module__', '__ne__', '__new__', '__reduce__', '__reduce_ex__', '__repr__', '__setattr__', '__sizeof__', '__slots__', '__str__', '__subclasshook__', '__weakref__', '_text', 'channel', 'clone', 'column', 'getInputStream', 'getTokenSource', 'line', 'source', 'start', 'stop', 'text', 'tokenIndex', 'type']

visitRoledef child index 0 role
log_symbol SymbolName ROLE
log_symbol getSymbol TerminalNodeImpl [@0,0:3='role',<53>,1:0] ['__class__', '__delattr__', '__dict__', '__dir__', '__doc__', '__eq__', '__format__', '__ge__', '__getattribute__', '__getstate__', '__gt__', '__hash__', '__init__', '__init_subclass__', '__le__', '__lt__', '__module__', '__ne__', '__new__', '__reduce__', '__reduce_ex__', '__repr__', '__setattr__', '__sizeof__', '__slots__', '__str__', '__subclasshook__', '__weakref__', 'accept', 'getChild', 'getChildCount', 'getParent', 'getPayload', 'getSourceInterval', 'getSymbol', 'getText', 'parentCtx', 'symbol']
log_symbol symbol dir ['DEFAULT_CHANNEL', 'EMPTY_SOURCE', 'EOF', 'EPSILON', 'HIDDEN_CHANNEL', 'INVALID_TYPE', 'MIN_USER_TOKEN_TYPE', '__class__', '__delattr__', '__dict__', '__dir__', '__doc__', '__eq__', '__format__', '__ge__', '__getattribute__', '__getstate__', '__gt__', '__hash__', '__init__', '__init_subclass__', '__le__', '__lt__', '__module__', '__ne__', '__new__', '__reduce__', '__reduce_ex__', '__repr__', '__setattr__', '__sizeof__', '__slots__', '__str__', '__subclasshook__', '__weakref__', '_text', 'channel', 'clone', 'column', 'getInputStream', 'getTokenSource', 'line', 'source', 'start', 'stop', 'text', 'tokenIndex', 'type']
log_symbol symbol type 53

visitRoledef child index 1 Controller

visitRoledef child index 2 :
log_symbol SymbolName COLON
log_symbol getSymbol TerminalNodeImpl [@3,15:15=':',<66>,1:15] ['__class__', '__delattr__', '__dict__', '__dir__', '__doc__', '__eq__', '__format__', '__ge__', '__getattribute__', '__getstate__', '__gt__', '__hash__', '__init__', '__init_subclass__', '__le__', '__lt__', '__module__', '__ne__', '__new__', '__reduce__', '__reduce_ex__', '__repr__', '__setattr__', '__sizeof__', '__slots__', '__str__', '__subclasshook__', '__weakref__', 'accept', 'getChild', 'getChildCount', 'getParent', 'getPayload', 'getSourceInterval', 'getSymbol', 'getText', 'parentCtx', 'symbol']
log_symbol symbol dir ['DEFAULT_CHANNEL', 'EMPTY_SOURCE', 'EOF', 'EPSILON', 'HIDDEN_CHANNEL', 'INVALID_TYPE', 'MIN_USER_TOKEN_TYPE', '__class__', '__delattr__', '__dict__', '__dir__', '__doc__', '__eq__', '__format__', '__ge__', '__getattribute__', '__getstate__', '__gt__', '__hash__', '__init__', '__init_subclass__', '__le__', '__lt__', '__module__', '__ne__', '__new__', '__reduce__', '__reduce_ex__', '__repr__', '__setattr__', '__sizeof__', '__slots__', '__str__', '__subclasshook__', '__weakref__', '_text', 'channel', 'clone', 'column', 'getInputStream', 'getTokenSource', 'line', 'source', 'start', 'stop', 'text', 'tokenIndex', 'type']
log_symbol symbol type 66

visitRoledef child index 3 

visitRoledef child index 4 
log_symbol SymbolName INDENT
log_symbol getSymbol TerminalNodeImpl [@6,21:20='',<1>,2:4] ['__class__', '__delattr__', '__dict__', '__dir__', '__doc__', '__eq__', '__format__', '__ge__', '__getattribute__', '__getstate__', '__gt__', '__hash__', '__init__', '__init_subclass__', '__le__', '__lt__', '__module__', '__ne__', '__new__', '__reduce__', '__reduce_ex__', '__repr__', '__setattr__', '__sizeof__', '__slots__', '__str__', '__subclasshook__', '__weakref__', 'accept', 'getChild', 'getChildCount', 'getParent', 'getPayload', 'getSourceInterval', 'getSymbol', 'getText', 'parentCtx', 'symbol']
log_symbol symbol dir ['DEFAULT_CHANNEL', 'EMPTY_SOURCE', 'EOF', 'EPSILON', 'HIDDEN_CHANNEL', 'INVALID_TYPE', 'MIN_USER_TOKEN_TYPE', '__class__', '__delattr__', '__dict__', '__dir__', '__doc__', '__eq__', '__format__', '__ge__', '__getattribute__', '__getstate__', '__gt__', '__hash__', '__init__', '__init_subclass__', '__le__', '__lt__', '__module__', '__ne__', '__new__', '__reduce__', '__reduce_ex__', '__repr__', '__setattr__', '__sizeof__', '__slots__', '__str__', '__subclasshook__', '__weakref__', '_text', 'channel', 'clone', 'column', 'getInputStream', 'getTokenSource', 'line', 'source', 'start', 'stop', 'text', 'tokenIndex', 'type']
log_symbol symbol type 1

visitRoledef child index 5 atomicactionStatus:return"BLOCKED"


visitStmt StmtContext
visitStmt child atomicactionStatus:return"BLOCKED"


visitActiondef ActiondefContext
visitActiondef atomicactionStatus:return"BLOCKED"
visitActiondef ['ACTION', 'ATOMIC', 'COLON', 'EMPTY', 'ONEOF', 'PARALLEL', 'SERIAL', '__class__', '__delattr__', '__dict__', '__dir__', '__doc__', '__eq__', '__format__', '__ge__', '__getattribute__', '__getstate__', '__gt__', '__hash__', '__init__', '__init_subclass__', '__le__', '__lt__', '__module__', '__ne__', '__new__', '__reduce__', '__reduce_ex__', '__repr__', '__setattr__', '__sizeof__', '__slots__', '__str__', '__subclasshook__', '__weakref__', 'accept', 'addChild', 'addErrorNode', 'addTokenNode', 'children', 'copyFrom', 'depth', 'enterRule', 'exception', 'exitRule', 'fairness', 'getAltNumber', 'getChild', 'getChildCount', 'getChildren', 'getPayload', 'getRuleContext', 'getRuleIndex', 'getSourceInterval', 'getText', 'getToken', 'getTokens', 'getTypedRuleContext', 'getTypedRuleContexts', 'invokingState', 'isEmpty', 'name', 'parentCtx', 'parser', 'removeLastChild', 'setAltNumber', 'start', 'stop', 'suite', 'toString', 'toStringTree']
visitActiondef children count 5
visitActiondef full text
 atomic action Status:
        return "BLOCKED"

['DEFAULT_CHANNEL', 'EMPTY_SOURCE', 'EOF', 'EPSILON', 'HIDDEN_CHANNEL', 'INVALID_TYPE', 'MIN_USER_TOKEN_TYPE', '__class__', '__delattr__', '__dict__', '__dir__', '__doc__', '__eq__', '__format__', '__ge__', '__getattribute__', '__getstate__', '__gt__', '__hash__', '__init__', '__init_subclass__', '__le__', '__lt__', '__module__', '__ne__', '__new__', '__reduce__', '__reduce_ex__', '__repr__', '__setattr__', '__sizeof__', '__slots__', '__str__', '__subclasshook__', '__weakref__', '_text', 'channel', 'clone', 'column', 'getInputStream', 'getTokenSource', 'line', 'source', 'start', 'stop', 'text', 'tokenIndex', 'type']

visitActiondef child index 0 atomic

visitActiondef child index 1 action

visitActiondef child index 2 Status

visitActiondef child index 3 :

visitActiondef child index 4 return"BLOCKED"
log_childtree child SuiteContext return"BLOCKED"
log_childtree child ['DEDENT', 'EMPTY', 'INDENT', 'LINE_BREAK', '__class__', '__delattr__', '__dict__', '__dir__', '__doc__', '__eq__', '__format__', '__ge__', '__getattribute__', '__getstate__', '__gt__', '__hash__', '__init__', '__init_subclass__', '__le__', '__lt__', '__module__', '__ne__', '__new__', '__reduce__', '__reduce_ex__', '__repr__', '__setattr__', '__sizeof__', '__slots__', '__str__', '__subclasshook__', '__weakref__', 'accept', 'addChild', 'addErrorNode', 'addTokenNode', 'children', 'copyFrom', 'depth', 'enterRule', 'exception', 'exitRule', 'getAltNumber', 'getChild', 'getChildCount', 'getChildren', 'getPayload', 'getRuleContext', 'getRuleIndex', 'getSourceInterval', 'getText', 'getToken', 'getTokens', 'getTypedRuleContext', 'getTypedRuleContexts', 'invokingState', 'isEmpty', 'parentCtx', 'parser', 'removeLastChild', 'setAltNumber', 'simple_stmt', 'start', 'stmt', 'stop', 'toString', 'toStringTree']
log_childtree child 4
log_childtree child 7
log_childtree child [415 275 168 370 257 168 155 141]
log_childtree child payload [415 275 168 370 257 168 155 141]
log_childtree child full text
 return "BLOCKED"

---


visitSuite SuiteContext
visitSuite
 return"BLOCKED"
['DEFAULT_CHANNEL', 'EMPTY_SOURCE', 'EOF', 'EPSILON', 'HIDDEN_CHANNEL', 'INVALID_TYPE', 'MIN_USER_TOKEN_TYPE', '__class__', '__delattr__', '__dict__', '__dir__', '__doc__', '__eq__', '__format__', '__ge__', '__getattribute__', '__getstate__', '__gt__', '__hash__', '__init__', '__init_subclass__', '__le__', '__lt__', '__module__', '__ne__', '__new__', '__reduce__', '__reduce_ex__', '__repr__', '__setattr__', '__sizeof__', '__slots__', '__str__', '__subclasshook__', '__weakref__', '_text', 'channel', 'clone', 'column', 'getInputStream', 'getTokenSource', 'line', 'source', 'start', 'stop', 'text', 'tokenIndex', 'type']

visitSuite child index 0 

visitSuite child index 1 

visitSuite child index 2 return"BLOCKED"
log_childtree child StmtContext return"BLOCKED"
log_childtree child ['EMPTY', '__class__', '__delattr__', '__dict__', '__dir__', '__doc__', '__eq__', '__format__', '__ge__', '__getattribute__', '__getstate__', '__gt__', '__hash__', '__init__', '__init_subclass__', '__le__', '__lt__', '__module__', '__ne__', '__new__', '__reduce__', '__reduce_ex__', '__repr__', '__setattr__', '__sizeof__', '__slots__', '__str__', '__subclasshook__', '__weakref__', 'accept', 'addChild', 'addErrorNode', 'addTokenNode', 'children', 'compound_stmt', 'copyFrom', 'depth', 'enterRule', 'exception', 'exitRule', 'getAltNumber', 'getChild', 'getChildCount', 'getChildren', 'getPayload', 'getRuleContext', 'getRuleIndex', 'getSourceInterval', 'getText', 'getToken', 'getTokens', 'getTypedRuleContext', 'getTypedRuleContexts', 'invokingState', 'isEmpty', 'labeled_stmt', 'parentCtx', 'parser', 'removeLastChild', 'setAltNumber', 'simple_stmt', 'start', 'stop', 'toString', 'toStringTree']
log_childtree child 1
log_childtree child 4
log_childtree child [287 415 275 168 370 257 168 155 141]
log_childtree child payload [287 415 275 168 370 257 168 155 141]
log_childtree child full text
 return "BLOCKED"

---


visitStmt StmtContext
visitStmt child return"BLOCKED"
['DEFAULT_CHANNEL', 'EMPTY_SOURCE', 'EOF', 'EPSILON', 'HIDDEN_CHANNEL', 'INVALID_TYPE', 'MIN_USER_TOKEN_TYPE', '__class__', '__delattr__', '__dict__', '__dir__', '__doc__', '__eq__', '__format__', '__ge__', '__getattribute__', '__getstate__', '__gt__', '__hash__', '__init__', '__init_subclass__', '__le__', '__lt__', '__module__', '__ne__', '__new__', '__reduce__', '__reduce_ex__', '__repr__', '__setattr__', '__sizeof__', '__slots__', '__str__', '__subclasshook__', '__weakref__', '_text', 'channel', 'clone', 'column', 'getInputStream', 'getTokenSource', 'line', 'source', 'start', 'stop', 'text', 'tokenIndex', 'type']

visitReturn_stmt child index 0 return
log_symbol SymbolName RETURN
log_symbol getSymbol TerminalNodeImpl [@18,51:56='return',<5>,3:8] ['__class__', '__delattr__', '__dict__', '__dir__', '__doc__', '__eq__', '__format__', '__ge__', '__getattribute__', '__getstate__', '__gt__', '__hash__', '__init__', '__init_subclass__', '__le__', '__lt__', '__module__', '__ne__', '__new__', '__reduce__', '__reduce_ex__', '__repr__', '__setattr__', '__sizeof__', '__slots__', '__str__', '__subclasshook__', '__weakref__', 'accept', 'getChild', 'getChildCount', 'getParent', 'getPayload', 'getSourceInterval', 'getSymbol', 'getText', 'parentCtx', 'symbol']
log_symbol symbol dir ['DEFAULT_CHANNEL', 'EMPTY_SOURCE', 'EOF', 'EPSILON', 'HIDDEN_CHANNEL', 'INVALID_TYPE', 'MIN_USER_TOKEN_TYPE', '__class__', '__delattr__', '__dict__', '__dir__', '__doc__', '__eq__', '__format__', '__ge__', '__getattribute__', '__getstate__', '__gt__', '__hash__', '__init__', '__init_subclass__', '__le__', '__lt__', '__module__', '__ne__', '__new__', '__reduce__', '__reduce_ex__', '__repr__', '__setattr__', '__sizeof__', '__slots__', '__str__', '__subclasshook__', '__weakref__', '_text', 'channel', 'clone', 'column', 'getInputStream', 'getTokenSource', 'line', 'source', 'start', 'stop', 'text', 'tokenIndex', 'type']
log_symbol symbol type 5

visitReturn_stmt child index 1 "BLOCKED"
['DEFAULT_CHANNEL', 'EMPTY_SOURCE', 'EOF', 'EPSILON', 'HIDDEN_CHANNEL', 'INVALID_TYPE', 'MIN_USER_TOKEN_TYPE', '__class__', '__delattr__', '__dict__', '__dir__', '__doc__', '__eq__', '__format__', '__ge__', '__getattribute__', '__getstate__', '__gt__', '__hash__', '__init__', '__init_subclass__', '__le__', '__lt__', '__module__', '__ne__', '__new__', '__reduce__', '__reduce_ex__', '__repr__', '__setattr__', '__sizeof__', '__slots__', '__str__', '__subclasshook__', '__weakref__', '_text', 'channel', 'clone', 'column', 'getInputStream', 'getTokenSource', 'line', 'source', 'start', 'stop', 'text', 'tokenIndex', 'type']
aggregate: None nextResult: source_info {
  start {
    line: 3
    column: 9
  }
  end {
    line: 3
    column: 24
  }
}
py_expr: "\"BLOCKED\""
expr {
  source_info {
    start {
      line: 3
      column: 16
    }
    end {
      line: 3
      column: 24
    }
  }
  py_expr: "\"BLOCKED\""
}

aggregate: source_info {
  start {
    line: 3
    column: 9
  }
  end {
    line: 3
    column: 24
  }
}
py_expr: "\"BLOCKED\""
expr {
  source_info {
    start {
      line: 3
      column: 16
    }
    end {
      line: 3
      column: 24
    }
  }
  py_expr: "\"BLOCKED\""
}
 nextResult: None
['DEFAULT_CHANNEL', 'EMPTY_SOURCE', 'EOF', 'EPSILON', 'HIDDEN_CHANNEL', 'INVALID_TYPE', 'MIN_USER_TOKEN_TYPE', '__class__', '__delattr__', '__dict__', '__dir__', '__doc__', '__eq__', '__format__', '__ge__', '__getattribute__', '__getstate__', '__gt__', '__hash__', '__init__', '__init_subclass__', '__le__', '__lt__', '__module__', '__ne__', '__new__', '__reduce__', '__reduce_ex__', '__repr__', '__setattr__', '__sizeof__', '__slots__', '__str__', '__subclasshook__', '__weakref__', '_text', 'channel', 'clone', 'column', 'getInputStream', 'getTokenSource', 'line', 'source', 'start', 'stop', 'text', 'tokenIndex', 'type']

visitSuite child index 3 
log_symbol SymbolName DEDENT
log_symbol getSymbol TerminalNodeImpl [@23,68:67='',<2>,4:0] ['__class__', '__delattr__', '__dict__', '__dir__', '__doc__', '__eq__', '__format__', '__ge__', '__getattribute__', '__getstate__', '__gt__', '__hash__', '__init__', '__init_subclass__', '__le__', '__lt__', '__module__', '__ne__', '__new__', '__reduce__', '__reduce_ex__', '__repr__', '__setattr__', '__sizeof__', '__slots__', '__str__', '__subclasshook__', '__weakref__', 'accept', 'getChild', 'getChildCount', 'getParent', 'getPayload', 'getSourceInterval', 'getSymbol', 'getText', 'parentCtx', 'symbol']
log_symbol symbol dir ['DEFAULT_CHANNEL', 'EMPTY_SOURCE', 'EOF', 'EPSILON', 'HIDDEN_CHANNEL', 'INVALID_TYPE', 'MIN_USER_TOKEN_TYPE', '__class__', '__delattr__', '__dict__', '__dir__', '__doc__', '__eq__', '__format__', '__ge__', '__getattribute__', '__getstate__', '__gt__', '__hash__', '__init__', '__init_subclass__', '__le__', '__lt__', '__module__', '__ne__', '__new__', '__reduce__', '__reduce_ex__', '__repr__', '__setattr__', '__sizeof__', '__slots__', '__str__', '__subclasshook__', '__weakref__', '_text', 'channel', 'clone', 'column', 'getInputStream', 'getTokenSource', 'line', 'source', 'start', 'stop', 'text', 'tokenIndex', 'type']
log_symbol symbol type 2
visitSuite block source_info {
  start {
    line: 3
    column: 9
  }
  end {
    line: 4
  }
}
stmts {
  source_info {
    start {
      line: 3
      column: 9
    }
    end {
      line: 4
    }
  }
  return_stmt {
    source_info {
      start {
        line: 3
        column: 9
      }
      end {
        line: 3
        column: 24
      }
    }
    py_expr: "\"BLOCKED\""
    expr {
      source_info {
        start {
          line: 3
          column: 16
        }
        end {
          line: 3
          column: 24
        }
      }
      py_expr: "\"BLOCKED\""
    }
  }
}

visitActiondef childProto source_info {
  start {
    line: 3
    column: 9
  }
  end {
    line: 4
  }
}
stmts {
  source_info {
    start {
      line: 3
      column: 9
    }
    end {
      line: 4
    }
  }
  return_stmt {
    source_info {
      start {
        line: 3
        column: 9
      }
      end {
        line: 3
        column: 24
      }
    }
    py_expr: "\"BLOCKED\""
    expr {
      source_info {
        start {
          line: 3
          column: 16
        }
        end {
          line: 3
          column: 24
        }
      }
      py_expr: "\"BLOCKED\""
    }
  }
}

action.fairness 
action.fairness.level 0
visitActiondef action.fairness not set
action source_info {
  start {
    line: 2
    column: 5
  }
  end {
    line: 4
  }
}
name: "Status"
flow: FLOW_ATOMIC
fairness {
  level: FAIRNESS_LEVEL_UNFAIR
}
block {
  source_info {
    start {
      line: 3
      column: 9
    }
    end {
      line: 4
    }
  }
  flow: FLOW_ATOMIC
  stmts {
    source_info {
      start {
        line: 3
        column: 9
      }
      end {
        line: 4
      }
    }
    return_stmt {
      source_info {
        start {
          line: 3
          column: 9
        }
        end {
          line: 3
          column: 24
        }
      }
      py_expr: "\"BLOCKED\""
      expr {
        source_info {
          start {
            line: 3
            column: 16
          }
          end {
            line: 3
            column: 24
          }
        }
        py_expr: "\"BLOCKED\""
      }
    }
  }
}

aggregate: None nextResult: source_info {
  start {
    line: 2
    column: 5
  }
  end {
    line: 4
  }
}
name: "Status"
flow: FLOW_ATOMIC
fairness {
  level: FAIRNESS_LEVEL_UNFAIR
}
block {
  source_info {
    start {
      line: 3
      column: 9
    }
    end {
      line: 4
    }
  }
  flow: FLOW_ATOMIC
  stmts {
    source_info {
      start {
        line: 3
        column: 9
      }
      end {
        line: 4
      }
    }
    return_stmt {
      source_info {
        start {
          line: 3
          column: 9
        }
        end {
          line: 3
          column: 24
        }
      }
      py_expr: "\"BLOCKED\""
      expr {
        source_info {
          start {
            line: 3
            column: 16
          }
          end {
            line: 3
            column: 24
          }
        }
        py_expr: "\"BLOCKED\""
      }
    }
  }
}


visitRoledef child index 6 
log_symbol SymbolName DEDENT
log_symbol getSymbol TerminalNodeImpl [@24,68:67='',<2>,4:0] ['__class__', '__delattr__', '__dict__', '__dir__', '__doc__', '__eq__', '__format__', '__ge__', '__getattribute__', '__getstate__', '__gt__', '__hash__', '__init__', '__init_subclass__', '__le__', '__lt__', '__module__', '__ne__', '__new__', '__reduce__', '__reduce_ex__', '__repr__', '__setattr__', '__sizeof__', '__slots__', '__str__', '__subclasshook__', '__weakref__', 'accept', 'getChild', 'getChildCount', 'getParent', 'getPayload', 'getSourceInterval', 'getSymbol', 'getText', 'parentCtx', 'symbol']
log_symbol symbol dir ['DEFAULT_CHANNEL', 'EMPTY_SOURCE', 'EOF', 'EPSILON', 'HIDDEN_CHANNEL', 'INVALID_TYPE', 'MIN_USER_TOKEN_TYPE', '__class__', '__delattr__', '__dict__', '__dir__', '__doc__', '__eq__', '__format__', '__ge__', '__getattribute__', '__getstate__', '__gt__', '__hash__', '__init__', '__init_subclass__', '__le__', '__lt__', '__module__', '__ne__', '__new__', '__reduce__', '__reduce_ex__', '__repr__', '__setattr__', '__sizeof__', '__slots__', '__str__', '__subclasshook__', '__weakref__', '_text', 'channel', 'clone', 'column', 'getInputStream', 'getTokenSource', 'line', 'source', 'start', 'stop', 'text', 'tokenIndex', 'type']
log_symbol symbol type 2
role source_info {
  start {
    line: 1
    column: 1
  }
  end {
    line: 4
  }
}
name: "Controller"
actions {
  source_info {
    start {
      line: 2
      column: 5
    }
    end {
      line: 4
    }
  }
  name: "Status"
  flow: FLOW_ATOMIC
  fairness {
    level: FAIRNESS_LEVEL_UNFAIR
  }
  block {
    source_info {
      start {
        line: 3
        column: 9
      }
      end {
        line: 4
      }
    }
    flow: FLOW_ATOMIC
    stmts {
      source_info {
        start {
          line: 3
          column: 9
        }
        end {
          line: 4
        }
      }
      return_stmt {
        source_info {
          start {
            line: 3
            column: 9
          }
          end {
            line: 3
            column: 24
          }
        }
        py_expr: "\"BLOCKED\""
        expr {
          source_info {
            start {
              line: 3
              column: 16
            }
            end {
              line: 3
              column: 24
            }
          }
          py_expr: "\"BLOCKED\""
        }
      }
    }
  }
}

visitRole_def_stmt childProto source_info {
  start {
    line: 1
    column: 1
  }
  end {
    line: 4
  }
}
name: "Controller"
actions {
  source_info {
    start {
      line: 2
      column: 5
    }
    end {
      line: 4
    }
  }
  name: "Status"
  flow: FLOW_ATOMIC
  fairness {
    level: FAIRNESS_LEVEL_UNFAIR
  }
  block {
    source_info {
      start {
        line: 3
        column: 9
      }
      end {
        line: 4
      }
    }
    flow: FLOW_ATOMIC
    stmts {
      source_info {
        start {
          line: 3
          column: 9
        }
        end {
          line: 4
        }
      }
      return_stmt {
        source_info {
          start {
            line: 3
            column: 9
          }
          end {
            line: 3
            column: 24
          }
        }
        py_expr: "\"BLOCKED\""
        expr {
          source_info {
            start {
              line: 3
              column: 16
            }
            end {
              line: 3
              column: 24
            }
          }
          py_expr: "\"BLOCKED\""
        }
      }
    }
  }
}

visitRole_def_stmt childProto is role source_info {
  start {
    line: 1
    column: 1
  }
  end {
    line: 4
  }
}
name: "Controller"
actions {
  source_info {
    start {
      line: 2
      column: 5
    }
    end {
      line: 4
    }
  }
  name: "Status"
  flow: FLOW_ATOMIC
  fairness {
    level: FAIRNESS_LEVEL_UNFAIR
  }
  block {
    source_info {
      start {
        line: 3
        column: 9
      }
      end {
        line: 4
      }
    }
    flow: FLOW_ATOMIC
    stmts {
      source_info {
        start {
          line: 3
          column: 9
        }
        end {
          line: 4
        }
      }
      return_stmt {
        source_info {
          start {
            line: 3
            column: 9
          }
          end {
            line: 3
            column: 24
          }
        }
        py_expr: "\"BLOCKED\""
        expr {
          source_info {
            start {
              line: 3
              column: 16
            }
            end {
              line: 3
              column: 24
            }
          }
          py_expr: "\"BLOCKED\""
        }
      }
    }
  }
}


visitFile_input child index 1 actionInit:controller=Controller() StmtContext


visitStmt StmtContext
visitStmt child actionInit:controller=Controller()


visitActiondef ActiondefContext
visitActiondef actionInit:controller=Controller()
visitActiondef ['ACTION', 'ATOMIC', 'COLON', 'EMPTY', 'ONEOF', 'PARALLEL', 'SERIAL', '__class__', '__delattr__', '__dict__', '__dir__', '__doc__', '__eq__', '__format__', '__ge__', '__getattribute__', '__getstate__', '__gt__', '__hash__', '__init__', '__init_subclass__', '__le__', '__lt__', '__module__', '__ne__', '__new__', '__reduce__', '__reduce_ex__', '__repr__', '__setattr__', '__sizeof__', '__slots__', '__str__', '__subclasshook__', '__weakref__', 'accept', 'addChild', 'addErrorNode', 'addTokenNode', 'children', 'copyFrom', 'depth', 'enterRule', 'exception', 'exitRule', 'fairness', 'getAltNumber', 'getChild', 'getChildCount', 'getChildren', 'getPayload', 'getRuleContext', 'getRuleIndex', 'getSourceInterval', 'getText', 'getToken', 'getTokens', 'getTypedRuleContext', 'getTypedRuleContexts', 'invokingState', 'isEmpty', 'name', 'parentCtx', 'parser', 'removeLastChild', 'setAltNumber', 'start', 'stop', 'suite', 'toString', 'toStringTree']
visitActiondef children count 4
visitActiondef full text
 action Init:
    controller = Controller()

['DEFAULT_CHANNEL', 'EMPTY_SOURCE', 'EOF', 'EPSILON', 'HIDDEN_CHANNEL', 'INVALID_TYPE', 'MIN_USER_TOKEN_TYPE', '__class__', '__delattr__', '__dict__', '__dir__', '__doc__', '__eq__', '__format__', '__ge__', '__getattribute__', '__getstate__', '__gt__', '__hash__', '__init__', '__init_subclass__', '__le__', '__lt__', '__module__', '__ne__', '__new__', '__reduce__', '__reduce_ex__', '__repr__', '__setattr__', '__sizeof__', '__slots__', '__str__', '__subclasshook__', '__weakref__', '_text', 'channel', 'clone', 'column', 'getInputStream', 'getTokenSource', 'line', 'source', 'start', 'stop', 'text', 'tokenIndex', 'type']

visitActiondef child index 0 action

visitActiondef child index 1 Init

visitActiondef child index 2 :

visitActiondef child index 3 controller=Controller()
log_childtree child SuiteContext controller=Controller()
log_childtree child ['DEDENT', 'EMPTY', 'INDENT', 'LINE_BREAK', '__class__', '__delattr__', '__dict__', '__dir__', '__doc__', '__eq__', '__format__', '__ge__', '__getattribute__', '__getstate__', '__gt__', '__hash__', '__init__', '__init_subclass__', '__le__', '__lt__', '__module__', '__ne__', '__new__', '__reduce__', '__reduce_ex__', '__repr__', '__setattr__', '__sizeof__', '__slots__', '__str__', '__subclasshook__', '__weakref__', 'accept', 'addChild', 'addErrorNode', 'addTokenNode', 'children', 'copyFrom', 'depth', 'enterRule', 'exception', 'exitRule', 'getAltNumber', 'getChild', 'getChildCount', 'getChildren', 'getPayload', 'getRuleContext', 'getRuleIndex', 'getSourceInterval', 'getText', 'getToken', 'getTokens', 'getTypedRuleContext', 'getTypedRuleContexts', 'invokingState', 'isEmpty', 'parentCtx', 'parser', 'removeLastChild', 'setAltNumber', 'simple_stmt', 'start', 'stmt', 'stop', 'toString', 'toStringTree']
log_childtree child 4
log_childtree child 7
log_childtree child [415 275 168 155 141]
log_childtree child payload [415 275 168 155 141]
log_childtree child full text
 controller = Controller()

---


visitSuite SuiteContext
visitSuite
 controller=Controller()
['DEFAULT_CHANNEL', 'EMPTY_SOURCE', 'EOF', 'EPSILON', 'HIDDEN_CHANNEL', 'INVALID_TYPE', 'MIN_USER_TOKEN_TYPE', '__class__', '__delattr__', '__dict__', '__dir__', '__doc__', '__eq__', '__format__', '__ge__', '__getattribute__', '__getstate__', '__gt__', '__hash__', '__init__', '__init_subclass__', '__le__', '__lt__', '__module__', '__ne__', '__new__', '__reduce__', '__reduce_ex__', '__repr__', '__setattr__', '__sizeof__', '__slots__', '__str__', '__subclasshook__', '__weakref__', '_text', 'channel', 'clone', 'column', 'getInputStream', 'getTokenSource', 'line', 'source', 'start', 'stop', 'text', 'tokenIndex', 'type']

visitSuite child index 0 

visitSuite child index 1 

visitSuite child index 2 controller=Controller()
log_childtree child StmtContext controller=Controller()
log_childtree child ['EMPTY', '__class__', '__delattr__', '__dict__', '__dir__', '__doc__', '__eq__', '__format__', '__ge__', '__getattribute__', '__getstate__', '__gt__', '__hash__', '__init__', '__init_subclass__', '__le__', '__lt__', '__module__', '__ne__', '__new__', '__reduce__', '__reduce_ex__', '__repr__', '__setattr__', '__sizeof__', '__slots__', '__str__', '__subclasshook__', '__weakref__', 'accept', 'addChild', 'addErrorNode', 'addTokenNode', 'children', 'compound_stmt', 'copyFrom', 'depth', 'enterRule', 'exception', 'exitRule', 'getAltNumber', 'getChild', 'getChildCount', 'getChildren', 'getPayload', 'getRuleContext', 'getRuleIndex', 'getSourceInterval', 'getText', 'getToken', 'getTokens', 'getTypedRuleContext', 'getTypedRuleContexts', 'invokingState', 'isEmpty', 'labeled_stmt', 'parentCtx', 'parser', 'removeLastChild', 'setAltNumber', 'simple_stmt', 'start', 'stop', 'toString', 'toStringTree']
log_childtree child 1
log_childtree child 4
log_childtree child [287 415 275 168 155 141]
log_childtree child payload [287 415 275 168 155 141]
log_childtree child full text
 controller = Controller()

---


visitStmt StmtContext
visitStmt child controller=Controller()


visitFunc_call_stmt Func_call_stmtContext
visitFunc_call_stmt controller=Controller()
visitFunc_call_stmt ['ASSIGN', 'CLOSE_PAREN', 'DOT', 'EMPTY', 'NAME', 'OPEN_PAREN', '__class__', '__delattr__', '__dict__', '__dir__', '__doc__', '__eq__', '__format__', '__ge__', '__getattribute__', '__getstate__', '__gt__', '__hash__', '__init__', '__init_subclass__', '__le__', '__lt__', '__module__', '__ne__', '__new__', '__reduce__', '__reduce_ex__', '__repr__', '__setattr__', '__sizeof__', '__slots__', '__str__', '__subclasshook__', '__weakref__', 'accept', 'addChild', 'addErrorNode', 'addTokenNode', 'arglist', 'children', 'copyFrom', 'depth', 'enterRule', 'exception', 'exitRule', 'getAltNumber', 'getChild', 'getChildCount', 'getChildren', 'getPayload', 'getRuleContext', 'getRuleIndex', 'getSourceInterval', 'getText', 'getToken', 'getTokens', 'getTypedRuleContext', 'getTypedRuleContexts', 'invokingState', 'isEmpty', 'parentCtx', 'parser', 'removeLastChild', 'setAltNumber', 'start', 'stop', 'toString', 'toStringTree']
visitFunc_call_stmt children count 5
visitFunc_call_stmt full text
 controller = Controller()
['DEFAULT_CHANNEL', 'EMPTY_SOURCE', 'EOF', 'EPSILON', 'HIDDEN_CHANNEL', 'INVALID_TYPE', 'MIN_USER_TOKEN_TYPE', '__class__', '__delattr__', '__dict__', '__dir__', '__doc__', '__eq__', '__format__', '__ge__', '__getattribute__', '__getstate__', '__gt__', '__hash__', '__init__', '__init_subclass__', '__le__', '__lt__', '__module__', '__ne__', '__new__', '__reduce__', '__reduce_ex__', '__repr__', '__setattr__', '__sizeof__', '__slots__', '__str__', '__subclasshook__', '__weakref__', '_text', 'channel', 'clone', 'column', 'getInputStream', 'getTokenSource', 'line', 'source', 'start', 'stop', 'text', 'tokenIndex', 'type']

visitFunc_call_stmt child index 4 )

visitFunc_call_stmt child index 3 (

visitFunc_call_stmt child index 2 Controller

visitFunc_call_stmt child index 1 =

visitFunc_call_stmt child index 0 controller
func_call source_info {
  start {
    line: 5
    column: 5
  }
  end {
    line: 5
    column: 29
  }
}
vars: "controller"
name: "Controller"

aggregate: None nextResult: source_info {
  start {
    line: 5
    column: 5
  }
  end {
    line: 5
    column: 29
  }
}
vars: "controller"
name: "Controller"

aggregate: source_info {
  start {
    line: 5
    column: 5
  }
  end {
    line: 5
    column: 29
  }
}
vars: "controller"
name: "Controller"
 nextResult: None
['DEFAULT_CHANNEL', 'EMPTY_SOURCE', 'EOF', 'EPSILON', 'HIDDEN_CHANNEL', 'INVALID_TYPE', 'MIN_USER_TOKEN_TYPE', '__class__', '__delattr__', '__dict__', '__dir__', '__doc__', '__eq__', '__format__', '__ge__', '__getattribute__', '__getstate__', '__gt__', '__hash__', '__init__', '__init_subclass__', '__le__', '__lt__', '__module__', '__ne__', '__new__', '__reduce__', '__reduce_ex__', '__repr__', '__setattr__', '__sizeof__', '__slots__', '__str__', '__subclasshook__', '__weakref__', '_text', 'channel', 'clone', 'column', 'getInputStream', 'getTokenSource', 'line', 'source', 'start', 'stop', 'text', 'tokenIndex', 'type']

visitSuite child index 3 
log_symbol SymbolName DEDENT
log_symbol getSymbol TerminalNodeImpl [@42,111:110='',<2>,6:0] ['__class__', '__delattr__', '__dict__', '__dir__', '__doc__', '__eq__', '__format__', '__ge__', '__getattribute__', '__getstate__', '__gt__', '__hash__', '__init__', '__init_subclass__', '__le__', '__lt__', '__module__', '__ne__', '__new__', '__reduce__', '__reduce_ex__', '__repr__', '__setattr__', '__sizeof__', '__slots__', '__str__', '__subclasshook__', '__weakref__', 'accept', 'getChild', 'getChildCount', 'getParent', 'getPayload', 'getSourceInterval', 'getSymbol', 'getText', 'parentCtx', 'symbol']
log_symbol symbol dir ['DEFAULT_CHANNEL', 'EMPTY_SOURCE', 'EOF', 'EPSILON', 'HIDDEN_CHANNEL', 'INVALID_TYPE', 'MIN_USER_TOKEN_TYPE', '__class__', '__delattr__', '__dict__', '__dir__', '__doc__', '__eq__', '__format__', '__ge__', '__getattribute__', '__getstate__', '__gt__', '__hash__', '__init__', '__init_subclass__', '__le__', '__lt__', '__module__', '__ne__', '__new__', '__reduce__', '__reduce_ex__', '__repr__', '__setattr__', '__sizeof__', '__slots__', '__str__', '__subclasshook__', '__weakref__', '_text', 'channel', 'clone', 'column', 'getInputStream', 'getTokenSource', 'line', 'source', 'start', 'stop', 'text', 'tokenIndex', 'type']
log_symbol symbol type 2
visitSuite block source_info {
  start {
    line: 5
    column: 5
  }
  end {
    line: 6
  }
}
stmts {
  source_info {
    start {
      line: 5
      column: 5
    }
    end {
      line: 6
    }
  }
  call_stmt {
    source_info {
      start {
        line: 5
        column: 5
      }
      end {
        line: 5
        column: 29
      }
    }
    vars: "controller"
    name: "Controller"
  }
}

visitActiondef childProto source_info {
  start {
    line: 5
    column: 5
  }
  end {
    line: 6
  }
}
stmts {
  source_info {
    start {
      line: 5
      column: 5
    }
    end {
      line: 6
    }
  }
  call_stmt {
    source_info {
      start {
        line: 5
        column: 5
      }
      end {
        line: 5
        column: 29
      }
    }
    vars: "controller"
    name: "Controller"
  }
}

action.fairness level: FAIRNESS_LEVEL_STRONG

action.fairness.level 3
action source_info {
  start {
    line: 4
    column: 1
  }
  end {
    line: 6
  }
}
name: "Init"
flow: FLOW_ATOMIC
fairness {
  level: FAIRNESS_LEVEL_STRONG
}
block {
  source_info {
    start {
      line: 5
      column: 5
    }
    end {
      line: 6
    }
  }
  flow: FLOW_ATOMIC
  stmts {
    source_info {
      start {
        line: 5
        column: 5
      }
      end {
        line: 6
      }
    }
    call_stmt {
      source_info {
        start {
          line: 5
          column: 5
        }
        end {
          line: 5
          column: 29
        }
      }
      vars: "controller"
      name: "Controller"
    }
  }
}

aggregate: None nextResult: source_info {
  start {
    line: 4
    column: 1
  }
  end {
    line: 6
  }
}
name: "Init"
flow: FLOW_ATOMIC
fairness {
  level: FAIRNESS_LEVEL_STRONG
}
block {
  source_info {
    start {
      line: 5
      column: 5
    }
    end {
      line: 6
    }
  }
  flow: FLOW_ATOMIC
  stmts {
    source_info {
      start {
        line: 5
        column: 5
      }
      end {
        line: 6
      }
    }
    call_stmt {
      source_info {
        start {
          line: 5
          column: 5
        }
        end {
          line: 5
          column: 29
        }
      }
      vars: "controller"
      name: "Controller"
    }
  }
}

file source_info {
  file_name: "controller.fizz"
  start {
    line: 1
    column: 1
  }
  end {
    line: 6
  }
}
actions {
  source_info {
    start {
      line: 4
      column: 1
    }
    end {
      line: 6
    }
  }
  name: "Init"
  flow: FLOW_ATOMIC
  fairness {
    level: FAIRNESS_LEVEL_STRONG
  }
  block {
    source_info {
      start {
        line: 5
        column: 5
      }
      end {
        line: 6
      }
    }
    flow: FLOW_ATOMIC
    stmts {
      source_info {
        start {
          line: 5
          column: 5
        }
        end {
          line: 6
        }
      }
      call_stmt {
        source_info {
          start {
            line: 5
            column: 5
          }
          end {
            line: 5
            column: 29
          }
        }
        vars: "controller"
        name: "Controller"
      }
    }
  }
}
roles {
  source_info {
    start {
      line: 1
      column: 1
    }
    end {
      line: 4
    }
  }
  name: "Controller"
  actions {
    source_info {
      start {
        line: 2
        column: 5
      }
      end {
        line: 4
      }
    }
    name: "Status"
    flow: FLOW_ATOMIC
    fairness {
      level: FAIRNESS_LEVEL_UNFAIR
    }
    block {
      source_info {
        start {
          line: 3
          column: 9
        }
        end {
          line: 4
        }
      }
      flow: FLOW_ATOMIC
      stmts {
        source_info {
          start {
            line: 3
            column: 9
          }
          end {
            line: 4
          }
        }
        return_stmt {
          source_info {
            start {
              line: 3
              column: 9
            }
            end {
              line: 3
              column: 24
            }
          }
          py_expr: "\"BLOCKED\""
          expr {
            source_info {
              start {
                line: 3
                column: 16
              }
              end {
                line: 3
                column: 24
              }
            }
            py_expr: "\"BLOCKED\""
          }
        }
      }
    }
  }
}

proto:
 source_info {
  file_name: "controller.fizz"
  start {
    line: 1
    column: 1
  }
  end {
    line: 6
  }
}
actions {
  source_info {
    start {
      line: 4
      column: 1
    }
    end {
      line: 6
    }
  }
  name: "Init"
  flow: FLOW_ATOMIC
  fairness {
    level: FAIRNESS_LEVEL_STRONG
  }
  block {
    source_info {
      start {
        line: 5
        column: 5
      }
      end {
        line: 6
      }
    }
    flow: FLOW_ATOMIC
    stmts {
      source_info {
        start {
          line: 5
          column: 5
        }
        end {
          line: 6
        }
      }
      call_stmt {
        source_info {
          start {
            line: 5
            column: 5
          }
          end {
            line: 5
            column: 29
          }
        }
        vars: "controller"
        name: "Controller"
      }
    }
  }
}
roles {
  source_info {
    start {
      line: 1
      column: 1
    }
    end {
      line: 4
    }
  }
  name: "Controller"
  actions {
    source_info {
      start {
        line: 2
        column: 5
      }
      end {
        line: 4
      }
    }
    name: "Status"
    flow: FLOW_ATOMIC
    fairness {
      level: FAIRNESS_LEVEL_UNFAIR
    }
    block {
      source_info {
        start {
          line: 3
          column: 9
        }
        end {
          line: 4
        }
      }
      flow: FLOW_ATOMIC
      stmts {
        source_info {
          start {
            line: 3
            column: 9
          }
          end {
            line: 4
          }
        }
        return_stmt {
          source_info {
            start {
              line: 3
              column: 9
            }
            end {
              line: 3
              column: 24
            }
          }
          py_expr: "\"BLOCKED\""
          expr {
            source_info {
              start {
                line: 3
                column: 16
              }
              end {
                line: 3
                column: 24
              }
            }
            py_expr: "\"BLOCKED\""
          }
        }
      }
    }
  }
}

Parsed AST: source_info {
  file_name: "controller.fizz"
  start {
    line: 1
    column: 1
  }
  end {
    line: 6
  }
}
actions {
  source_info {
    start {
      line: 4
      column: 1
    }
    end {
      line: 6
    }
  }
  name: "Init"
  flow: FLOW_ATOMIC
  fairness {
    level: FAIRNESS_LEVEL_STRONG
  }
  block {
    source_info {
      start {
        line: 5
        column: 5
      }
      end {
        line: 6
      }
    }
    flow: FLOW_ATOMIC
    stmts {
      source_info {
        start {
          line: 5
          column: 5
        }
        end {
          line: 6
        }
      }
      call_stmt {
        source_info {
          start {
            line: 5
            column: 5
          }
          end {
            line: 5
            column: 29
          }
        }
        vars: "controller"
        name: "Controller"
      }
    }
  }
}
roles {
  source_info {
    start {
      line: 1
      column: 1
    }
    end {
      line: 4
    }
  }
  name: "Controller"
  actions {
    source_info {
      start {
        line: 2
        column: 5
      }
      end {
        line: 4
      }
    }
    name: "Status"
    flow: FLOW_ATOMIC
    fairness {
      level: FAIRNESS_LEVEL_UNFAIR
    }
    block {
      source_info {
        start {
          line: 3
          column: 9
        }
        end {
          line: 4
        }
      }
      flow: FLOW_ATOMIC
      stmts {
        source_info {
          start {
            line: 3
            column: 9
          }
          end {
            line: 4
          }
        }
        return_stmt {
          source_info {
            start {
              line: 3
              column: 9
            }
            end {
              line: 3
              column: 24
            }
          }
          py_expr: "\"BLOCKED\""
          expr {
            source_info {
              start {
                line: 3
                column: 16
              }
              end {
                line: 3
                column: 24
              }
            }
            py_expr: "\"BLOCKED\""
          }
        }
      }
    }
  }
}
front_matter {
}

Generated controller_interfaces.ts in controller-generated/ from interfaces.ts.j2
Generated controller_adapters.ts in controller-generated/ from adapters.ts.j2
Generated controller_test.ts in controller-generated/ from test.ts.j2
