2026/09/26 16:50:40 Loaded 2 nodes and 2 links
2026/09/26 16:50:40 State Space Options: options:{max_actions:100 max_concurrent_actions:2 crash_on_yield:true} deadlock_detection:true
Generated 1 unique operations
Generated 1 operation groups
Group: Controller#0.Status
  Op: role:{role_name:"Controller"} action_name:"Status", MaxYields: 0
2026/09/26 16:50:40 FizzMo server listening on :50051
2026/09/26 16:50:54 Received StartTestRun request: 
Received ValidateTrace request: demo-run-id
  Request 0: role:{role_name:"Controller"} action_name:"Status"
  Response 0: return_values:{str_value:"BLOCKED"} exec_time:{start_unix_nano:55767416 end_unix_nano:162001458} status:{code:STATUS_OK message:"OK"} roles:{role_name:"Controller"}
  Request 1: role:{role_name:"Controller"} action_name:"Status"
  Response 1: return_values:{str_value:"BLOCKED"} exec_time:{start_unix_nano:163234041 end_unix_nano:237575458} status:{code:STATUS_OK message:"OK"} roles:{role_name:"Controller"}
  Request 2: role:{role_name:"Controller"} action_name:"Status"
  Response 2: return_values:{str_value:"BLOCKED"} exec_time:{start_unix_nano:238258666 end_unix_nano:316694541} status:{code:STATUS_OK message:"OK"} roles:{role_name:"Controller"}
Validating trace for RunId: demo-run-id
    Action Link: Controller#0.Status
    Found matching Source Link: dest:1 name:"Controller#0.Status" weight:1 type:"action" 10:"\n\x13Controller#0.Status\x12\t\"BLOCKED\""
  End of Request 0, current nodeId: 1, node: map[channel_messages:map[] channels:map[] current:0 failedInvariants:<nil> name:yield returns:{"Controller#0.Status":"BLOCKED"} roles:[map[fields:map[] name:Controller params:map[] ref:0 ref_string:Controller#0]] state:map[controller:role Controller#0] stats:map[counts:map[Controller#0.Status:1] totalActions:1] threads:[] witness:[[]]]
. Expected BLOCKED
. Actual [str_value:"BLOCKED"], len:1
    Action Link: Controller#0.Status
    Found matching Source Link: src:1 dest:1 name:"Controller#0.Status" weight:1 type:"action" 10:"\n\x13Controller#0.Status\x12\t\"BLOCKED\""
  End of Request 1, current nodeId: 1, node: map[channel_messages:map[] channels:map[] current:0 failedInvariants:<nil> name:yield returns:{"Controller#0.Status":"BLOCKED"} roles:[map[fields:map[] name:Controller params:map[] ref:0 ref_string:Controller#0]] state:map[controller:role Controller#0] stats:map[counts:map[Controller#0.Status:1] totalActions:1] threads:[] witness:[[]]]
. Expected BLOCKED
. Actual [str_value:"BLOCKED"], len:1
    Action Link: Controller#0.Status
    Found matching Source Link: src:1 dest:1 name:"Controller#0.Status" weight:1 type:"action" 10:"\n\x13Controller#0.Status\x12\t\"BLOCKED\""
  End of Request 2, current nodeId: 1, node: map[channel_messages:map[] channels:map[] current:0 failedInvariants:<nil> name:yield returns:{"Controller#0.Status":"BLOCKED"} roles:[map[fields:map[] name:Controller params:map[] ref:0 ref_string:Controller#0]] state:map[controller:role Controller#0] stats:map[counts:map[Controller#0.Status:1] totalActions:1] threads:[] witness:[[]]]
. Expected BLOCKED
. Actual [str_value:"BLOCKED"], len:1
2026/09/26 16:50:55 Received StartTestRun request: 
Received ValidateTrace request: demo-run-id
  Request 0: role:{role_name:"Controller"} action_name:"Status"
  Response 0: return_values:{str_value:"STATUS_WRONG"} exec_time:{start_unix_nano:18742208 end_unix_nano:96297250} status:{code:STATUS_OK message:"OK"} roles:{role_name:"Controller"}
  Request 1: role:{role_name:"Controller"} action_name:"Status"
  Response 1: return_values:{str_value:"STATUS_WRONG"} exec_time:{start_unix_nano:97624666 end_unix_nano:173217541} status:{code:STATUS_OK message:"OK"} roles:{role_name:"Controller"}
  Request 2: role:{role_name:"Controller"} action_name:"Status"
  Response 2: return_values:{str_value:"STATUS_WRONG"} exec_time:{start_unix_nano:174062750 end_unix_nano:250035708} status:{code:STATUS_OK message:"OK"} roles:{role_name:"Controller"}
Validating trace for RunId: demo-run-id
    Action Link: Controller#0.Status
    Found matching Source Link: dest:1 name:"Controller#0.Status" weight:1 type:"action" 10:"\n\x13Controller#0.Status\x12\t\"BLOCKED\""
  End of Request 0, current nodeId: 1, node: map[channel_messages:map[] channels:map[] current:0 failedInvariants:<nil> name:yield returns:{"Controller#0.Status":"BLOCKED"} roles:[map[fields:map[] name:Controller params:map[] ref:0 ref_string:Controller#0]] state:map[controller:role Controller#0] stats:map[counts:map[Controller#0.Status:1] totalActions:1] threads:[] witness:[[]]]
. Expected BLOCKED
. Actual [str_value:"STATUS_WRONG"], len:1


    Error: Found return value mismatch for Action Link: Controller#0.Status, expected: BLOCKED, actual: [str_value:"STATUS_WRONG"]

2026/09/26 16:50:55 Received StartTestRun request: 
Received ValidateTrace request: demo-run-id
  Request 0: role:{role_name:"Controller"} action_name:"Status"
  Response 0: return_values:{str_value:"STATUS_WRONG"} exec_time:{start_unix_nano:21489542 end_unix_nano:96836167} status:{code:STATUS_OK message:"OK"} roles:{role_name:"Controller"}
  Request 1: role:{role_name:"Controller"} action_name:"Status"
  Response 1: return_values:{str_value:"STATUS_WRONG"} exec_time:{start_unix_nano:97946875 end_unix_nano:170525542} status:{code:STATUS_OK message:"OK"} roles:{role_name:"Controller"}
  Request 2: role:{role_name:"Controller"} action_name:"Status"
  Response 2: return_values:{str_value:"STATUS_WRONG"} exec_time:{start_unix_nano:171234167 end_unix_nano:247045292} status:{code:STATUS_OK message:"OK"} roles:{role_name:"Controller"}
Validating trace for RunId: demo-run-id
    Action Link: Controller#0.Status
    Found matching Source Link: dest:1 name:"Controller#0.Status" weight:1 type:"action" 10:"\n\x13Controller#0.Status\x12\t\"BLOCKED\""
  End of Request 0, current nodeId: 1, node: map[channel_messages:map[] channels:map[] current:0 failedInvariants:<nil> name:yield returns:{"Controller#0.Status":"BLOCKED"} roles:[map[fields:map[] name:Controller params:map[] ref:0 ref_string:Controller#0]] state:map[controller:role Controller#0] stats:map[counts:map[Controller#0.Status:1] totalActions:1] threads:[] witness:[[]]]
. Expected BLOCKED
. Actual [str_value:"STATUS_WRONG"], len:1


    Error: Found return value mismatch for Action Link: Controller#0.Status, expected: BLOCKED, actual: [str_value:"STATUS_WRONG"]

