2026/09/26 16:51:42 Loaded 8 nodes and 24 links
2026/09/26 16:51:42 State Space Options: options:{max_actions:100 max_concurrent_actions:2 crash_on_yield:true} deadlock_detection:true
Generated 3 unique operations
Generated 3 operation groups
Group: Counter#0.Inc
  Op: role:{role_name:"Counter"} action_name:"Inc", MaxYields: 0
Group: Counter#0.Get
  Op: role:{role_name:"Counter"} action_name:"Get", MaxYields: 0
Group: Counter#0.Dec
  Op: role:{role_name:"Counter"} action_name:"Dec", MaxYields: 0
2026/09/26 16:51:42 FizzMo server listening on :50051
2026/09/26 16:51:42 Received StartTestRun request: 
Received ValidateTrace request: demo-run-id
  Request 0: role:{role_name:"Counter"} action_name:"Inc"
  Response 0: exec_time:{start_unix_nano:73785875 end_unix_nano:109792083} status:{code:STATUS_OK message:"OK"} roles:{role_name:"Counter"}
  Request 1: role:{role_name:"Counter"} action_name:"Inc"
  Response 1: exec_time:{start_unix_nano:111096042 end_unix_nano:144425250} status:{code:STATUS_OK message:"OK"} roles:{role_name:"Counter"}
  Request 2: role:{role_name:"Counter"} action_name:"Get"
  Response 2: return_values:{int_value:2} exec_time:{start_unix_nano:145174833 end_unix_nano:175408542} status:{code:STATUS_OK message:"OK"} roles:{role_name:"Counter"}
  Request 3: role:{role_name:"Counter"} action_name:"Dec"
  Response 3: exec_time:{start_unix_nano:176266917 end_unix_nano:205500125} status:{code:STATUS_OK message:"OK"} roles:{role_name:"Counter"}
  Request 4: role:{role_name:"Counter"} action_name:"Inc"
  Response 4: exec_time:{start_unix_nano:206155917 end_unix_nano:235012458} status:{code:STATUS_OK message:"OK"} roles:{role_name:"Counter"}
  Request 5: role:{role_name:"Counter"} action_name:"Get"
  Response 5: return_values:{int_value:2} exec_time:{start_unix_nano:235643208 end_unix_nano:265896208} status:{code:STATUS_OK message:"OK"} roles:{role_name:"Counter"}
  Request 6: role:{role_name:"Counter"} action_name:"Dec"
  Response 6: exec_time:{start_unix_nano:266492333 end_unix_nano:295650833} status:{code:STATUS_OK message:"OK"} roles:{role_name:"Counter"}
  Request 7: role:{role_name:"Counter"} action_name:"Inc"
  Response 7: exec_time:{start_unix_nano:296337625 end_unix_nano:325704542} status:{code:STATUS_OK message:"OK"} roles:{role_name:"Counter"}
  Request 8: role:{role_name:"Counter"} action_name:"Inc"
  Response 8: exec_time:{start_unix_nano:326391417 end_unix_nano:355836208} status:{code:STATUS_OK message:"OK"} roles:{role_name:"Counter"}
  Request 9: role:{role_name:"Counter"} action_name:"Inc"
  Response 9: exec_time:{start_unix_nano:356459375 end_unix_nano:385566000} status:{code:STATUS_OK message:"OK"} roles:{role_name:"Counter"}
Validating trace for RunId: demo-run-id
    Action Link: Counter#0.Inc
    Found matching Source Link: dest:1 name:"Counter#0.Inc" weight:0.3333333333333333 type:"action"
  End of Request 0, current nodeId: 1, node: map[channel_messages:map[] channels:map[] current:0 failedInvariants:<nil> name:yield returns:{} roles:[map[fields:map[value:1] name:Counter params:map[] ref:0 ref_string:Counter#0]] state:map[counter:role Counter#0] stats:map[counts:map[Counter#0.Inc:1] totalActions:1] threads:[] witness:[[false]]]
. Expected <nil>
. Actual [], len:0
    Action Link: Counter#0.Inc
    Found matching Source Link: src:1 dest:3 name:"Counter#0.Inc" weight:0.3333333333333333 type:"action"
  End of Request 1, current nodeId: 3, node: map[channel_messages:map[] channels:map[] current:0 failedInvariants:<nil> name:yield returns:{} roles:[map[fields:map[value:2] name:Counter params:map[] ref:0 ref_string:Counter#0]] state:map[counter:role Counter#0] stats:map[counts:map[Counter#0.Inc:2] totalActions:2] threads:[] witness:[[false]]]
. Expected <nil>
. Actual [], len:0
    Action Link: Counter#0.Get
    Found matching Source Link: src:3 dest:6 name:"Counter#0.Get" weight:0.3333333333333333 type:"action" 10:"\n\rCounter#0.Get\x12\x012"
  End of Request 2, current nodeId: 6, node: map[channel_messages:map[] channels:map[] current:0 failedInvariants:<nil> name:yield returns:{"Counter#0.Get":2} roles:[map[fields:map[value:2] name:Counter params:map[] ref:0 ref_string:Counter#0]] state:map[counter:role Counter#0] stats:map[counts:map[Counter#0.Get:1 Counter#0.Inc:2] totalActions:3] threads:[] witness:[[false]]]
. Expected 2
. Actual [int_value:2], len:1
    Action Link: Counter#0.Dec
    Found matching Source Link: src:6 dest:1 name:"Counter#0.Dec" weight:0.3333333333333333 type:"action"
  End of Request 3, current nodeId: 1, node: map[channel_messages:map[] channels:map[] current:0 failedInvariants:<nil> name:yield returns:{} roles:[map[fields:map[value:1] name:Counter params:map[] ref:0 ref_string:Counter#0]] state:map[counter:role Counter#0] stats:map[counts:map[Counter#0.Inc:1] totalActions:1] threads:[] witness:[[false]]]
. Expected <nil>
. Actual [], len:0
    Action Link: Counter#0.Inc
    Found matching Source Link: src:1 dest:3 name:"Counter#0.Inc" weight:0.3333333333333333 type:"action"
  End of Request 4, current nodeId: 3, node: map[channel_messages:map[] channels:map[] current:0 failedInvariants:<nil> name:yield returns:{} roles:[map[fields:map[value:2] name:Counter params:map[] ref:0 ref_string:Counter#0]] state:map[counter:role Counter#0] stats:map[counts:map[Counter#0.Inc:2] totalActions:2] threads:[] witness:[[false]]]
. Expected <nil>
. Actual [], len:0
    Action Link: Counter#0.Get
    Found matching Source Link: src:3 dest:6 name:"Counter#0.Get" weight:0.3333333333333333 type:"action" 10:"\n\rCounter#0.Get\x12\x012"
  End of Request 5, current nodeId: 6, node: map[channel_messages:map[] channels:map[] current:0 failedInvariants:<nil> name:yield returns:{"Counter#0.Get":2} roles:[map[fields:map[value:2] name:Counter params:map[] ref:0 ref_string:Counter#0]] state:map[counter:role Counter#0] stats:map[counts:map[Counter#0.Get:1 Counter#0.Inc:2] totalActions:3] threads:[] witness:[[false]]]
. Expected 2
. Actual [int_value:2], len:1
    Action Link: Counter#0.Dec
    Found matching Source Link: src:6 dest:1 name:"Counter#0.Dec" weight:0.3333333333333333 type:"action"
  End of Request 6, current nodeId: 1, node: map[channel_messages:map[] channels:map[] current:0 failedInvariants:<nil> name:yield returns:{} roles:[map[fields:map[value:1] name:Counter params:map[] ref:0 ref_string:Counter#0]] state:map[counter:role Counter#0] stats:map[counts:map[Counter#0.Inc:1] totalActions:1] threads:[] witness:[[false]]]
. Expected <nil>
. Actual [], len:0
    Action Link: Counter#0.Inc
    Found matching Source Link: src:1 dest:3 name:"Counter#0.Inc" weight:0.3333333333333333 type:"action"
  End of Request 7, current nodeId: 3, node: map[channel_messages:map[] channels:map[] current:0 failedInvariants:<nil> name:yield returns:{} roles:[map[fields:map[value:2] name:Counter params:map[] ref:0 ref_string:Counter#0]] state:map[counter:role Counter#0] stats:map[counts:map[Counter#0.Inc:2] totalActions:2] threads:[] witness:[[false]]]
. Expected <nil>
. Actual [], len:0
    Action Link: Counter#0.Inc
    Found matching Source Link: src:3 dest:5 name:"Counter#0.Inc" weight:0.3333333333333333 type:"action"
  End of Request 8, current nodeId: 5, node: map[channel_messages:map[] channels:map[] current:0 failedInvariants:<nil> name:yield returns:{} roles:[map[fields:map[value:3] name:Counter params:map[] ref:0 ref_string:Counter#0]] state:map[counter:role Counter#0] stats:map[counts:map[Counter#0.Inc:3] totalActions:3] threads:[] witness:[[false]]]
. Expected <nil>
. Actual [], len:0
    Action Link: Counter#0.Inc
    Found matching Source Link: src:5 dest:5 name:"Counter#0.Inc" weight:0.3333333333333333 type:"action"
  End of Request 9, current nodeId: 5, node: map[channel_messages:map[] channels:map[] current:0 failedInvariants:<nil> name:yield returns:{} roles:[map[fields:map[value:3] name:Counter params:map[] ref:0 ref_string:Counter#0]] state:map[counter:role Counter#0] stats:map[counts:map[Counter#0.Inc:3] totalActions:3] threads:[] witness:[[false]]]
. Expected <nil>
. Actual [], len:0
2026/09/26 16:51:43 Received StartTestRun request: 
Received ValidateTrace request: demo-run-id
  Request 0: role:{role_name:"Counter"} action_name:"Inc"
  Response 0: exec_time:{start_unix_nano:49843542 end_unix_nano:78810792} status:{code:STATUS_OK message:"OK"} roles:{role_name:"Counter"}
  Request 1: role:{role_name:"Counter"} action_name:"Inc"
  Response 1: exec_time:{start_unix_nano:79717917 end_unix_nano:122557292} status:{code:STATUS_OK message:"OK"} roles:{role_name:"Counter"}
  Request 2: role:{role_name:"Counter"} action_name:"Get"
  Response 2: return_values:{int_value:3} exec_time:{start_unix_nano:123350417 end_unix_nano:152832917} status:{code:STATUS_OK message:"OK"} roles:{role_name:"Counter"}
  Request 3: role:{role_name:"Counter"} action_name:"Dec"
  Response 3: exec_time:{start_unix_nano:153693792 end_unix_nano:184139708} status:{code:STATUS_OK message:"OK"} roles:{role_name:"Counter"}
  Request 4: role:{role_name:"Counter"} action_name:"Inc"
  Response 4: exec_time:{start_unix_nano:185058542 end_unix_nano:215482833} status:{code:STATUS_OK message:"OK"} roles:{role_name:"Counter"}
  Request 5: role:{role_name:"Counter"} action_name:"Get"
  Response 5: return_values:{int_value:3} exec_time:{start_unix_nano:216101125 end_unix_nano:246729625} status:{code:STATUS_OK message:"OK"} roles:{role_name:"Counter"}
  Request 6: role:{role_name:"Counter"} action_name:"Dec"
  Response 6: exec_time:{start_unix_nano:247370917 end_unix_nano:275294708} status:{code:STATUS_OK message:"OK"} roles:{role_name:"Counter"}
  Request 7: role:{role_name:"Counter"} action_name:"Inc"
  Response 7: exec_time:{start_unix_nano:276010167 end_unix_nano:304097042} status:{code:STATUS_OK message:"OK"} roles:{role_name:"Counter"}
  Request 8: role:{role_name:"Counter"} action_name:"Inc"
  Response 8: exec_time:{start_unix_nano:304820875 end_unix_nano:333085583} status:{code:STATUS_OK message:"OK"} roles:{role_name:"Counter"}
  Request 9: role:{role_name:"Counter"} action_name:"Inc"
  Response 9: exec_time:{start_unix_nano:333689083 end_unix_nano:363422875} status:{code:STATUS_OK message:"OK"} roles:{role_name:"Counter"}
Validating trace for RunId: demo-run-id
    Action Link: Counter#0.Inc
    Found matching Source Link: dest:1 name:"Counter#0.Inc" weight:0.3333333333333333 type:"action"
  End of Request 0, current nodeId: 1, node: map[channel_messages:map[] channels:map[] current:0 failedInvariants:<nil> name:yield returns:{} roles:[map[fields:map[value:1] name:Counter params:map[] ref:0 ref_string:Counter#0]] state:map[counter:role Counter#0] stats:map[counts:map[Counter#0.Inc:1] totalActions:1] threads:[] witness:[[false]]]
. Expected <nil>
. Actual [], len:0
    Action Link: Counter#0.Inc
    Found matching Source Link: src:1 dest:3 name:"Counter#0.Inc" weight:0.3333333333333333 type:"action"
  End of Request 1, current nodeId: 3, node: map[channel_messages:map[] channels:map[] current:0 failedInvariants:<nil> name:yield returns:{} roles:[map[fields:map[value:2] name:Counter params:map[] ref:0 ref_string:Counter#0]] state:map[counter:role Counter#0] stats:map[counts:map[Counter#0.Inc:2] totalActions:2] threads:[] witness:[[false]]]
. Expected <nil>
. Actual [], len:0
    Action Link: Counter#0.Get
    Found matching Source Link: src:3 dest:6 name:"Counter#0.Get" weight:0.3333333333333333 type:"action" 10:"\n\rCounter#0.Get\x12\x012"
  End of Request 2, current nodeId: 6, node: map[channel_messages:map[] channels:map[] current:0 failedInvariants:<nil> name:yield returns:{"Counter#0.Get":2} roles:[map[fields:map[value:2] name:Counter params:map[] ref:0 ref_string:Counter#0]] state:map[counter:role Counter#0] stats:map[counts:map[Counter#0.Get:1 Counter#0.Inc:2] totalActions:3] threads:[] witness:[[false]]]
. Expected 2
. Actual [int_value:3], len:1


    Error: Found return value mismatch for Action Link: Counter#0.Get, expected: 2, actual: [int_value:3]

2026/09/26 16:51:43 Received StartTestRun request: 
Received ValidateTrace request: demo-run-id
  Request 0: role:{role_name:"Counter"} action_name:"Inc"
  Response 0: exec_time:{start_unix_nano:88802458 end_unix_nano:121339750} status:{code:STATUS_OK message:"OK"} roles:{role_name:"Counter"}
  Request 1: role:{role_name:"Counter"} action_name:"Inc"
  Response 1: exec_time:{start_unix_nano:122250416 end_unix_nano:154553708} status:{code:STATUS_OK message:"OK"} roles:{role_name:"Counter"}
  Request 2: role:{role_name:"Counter"} action_name:"Get"
  Response 2: return_values:{int_value:3} exec_time:{start_unix_nano:155358666 end_unix_nano:187827500} status:{code:STATUS_OK message:"OK"} roles:{role_name:"Counter"}
  Request 3: role:{role_name:"Counter"} action_name:"Dec"
  Response 3: exec_time:{start_unix_nano:188829583 end_unix_nano:220457000} status:{code:STATUS_OK message:"OK"} roles:{role_name:"Counter"}
  Request 4: role:{role_name:"Counter"} action_name:"Inc"
  Response 4: exec_time:{start_unix_nano:221127833 end_unix_nano:251038916} status:{code:STATUS_OK message:"OK"} roles:{role_name:"Counter"}
  Request 5: role:{role_name:"Counter"} action_name:"Get"
  Response 5: return_values:{int_value:3} exec_time:{start_unix_nano:251712708 end_unix_nano:284392833} status:{code:STATUS_OK message:"OK"} roles:{role_name:"Counter"}
  Request 6: role:{role_name:"Counter"} action_name:"Dec"
  Response 6: exec_time:{start_unix_nano:285160500 end_unix_nano:316340791} status:{code:STATUS_OK message:"OK"} roles:{role_name:"Counter"}
  Request 7: role:{role_name:"Counter"} action_name:"Inc"
  Response 7: exec_time:{start_unix_nano:317174708 end_unix_nano:349963333} status:{code:STATUS_OK message:"OK"} roles:{role_name:"Counter"}
  Request 8: role:{role_name:"Counter"} action_name:"Inc"
  Response 8: exec_time:{start_unix_nano:350659958 end_unix_nano:382486583} status:{code:STATUS_OK message:"OK"} roles:{role_name:"Counter"}
  Request 9: role:{role_name:"Counter"} action_name:"Inc"
  Response 9: exec_time:{start_unix_nano:383173500 end_unix_nano:414991791} status:{code:STATUS_OK message:"OK"} roles:{role_name:"Counter"}
Validating trace for RunId: demo-run-id
    Action Link: Counter#0.Inc
    Found matching Source Link: dest:1 name:"Counter#0.Inc" weight:0.3333333333333333 type:"action"
  End of Request 0, current nodeId: 1, node: map[channel_messages:map[] channels:map[] current:0 failedInvariants:<nil> name:yield returns:{} roles:[map[fields:map[value:1] name:Counter params:map[] ref:0 ref_string:Counter#0]] state:map[counter:role Counter#0] stats:map[counts:map[Counter#0.Inc:1] totalActions:1] threads:[] witness:[[false]]]
. Expected <nil>
. Actual [], len:0
    Action Link: Counter#0.Inc
    Found matching Source Link: src:1 dest:3 name:"Counter#0.Inc" weight:0.3333333333333333 type:"action"
  End of Request 1, current nodeId: 3, node: map[channel_messages:map[] channels:map[] current:0 failedInvariants:<nil> name:yield returns:{} roles:[map[fields:map[value:2] name:Counter params:map[] ref:0 ref_string:Counter#0]] state:map[counter:role Counter#0] stats:map[counts:map[Counter#0.Inc:2] totalActions:2] threads:[] witness:[[false]]]
. Expected <nil>
. Actual [], len:0
    Action Link: Counter#0.Get
    Found matching Source Link: src:3 dest:6 name:"Counter#0.Get" weight:0.3333333333333333 type:"action" 10:"\n\rCounter#0.Get\x12\x012"
  End of Request 2, current nodeId: 6, node: map[channel_messages:map[] channels:map[] current:0 failedInvariants:<nil> name:yield returns:{"Counter#0.Get":2} roles:[map[fields:map[value:2] name:Counter params:map[] ref:0 ref_string:Counter#0]] state:map[counter:role Counter#0] stats:map[counts:map[Counter#0.Get:1 Counter#0.Inc:2] totalActions:3] threads:[] witness:[[false]]]
. Expected 2
. Actual [int_value:3], len:1


    Error: Found return value mismatch for Action Link: Counter#0.Get, expected: 2, actual: [int_value:3]

