WARNING: proceeding, even though we could not create PATH aliases: Operation not permitted (os error 1)
.WARNING: proceeding, even though we could not create PATH aliases: Operation not permitted (os error 1)
..WARNING: proceeding, even though we could not create PATH aliases: Operation not permitted (os error 1)
..WARNING: proceeding, even though we could not create PATH aliases: Operation not permitted (os error 1)
.WARNING: proceeding, even though we could not create PATH aliases: Operation not permitted (os error 1)
.WARNING: proceeding, even though we could not create PATH aliases: Operation not permitted (os error 1)
.WARNING: proceeding, even though we could not create PATH aliases: Operation not permitted (os error 1)
......WARNING: proceeding, even though we could not create PATH aliases: Operation not permitted (os error 1)
.WARNING: proceeding, even though we could not create PATH aliases: Operation not permitted (os error 1)
.WARNING: proceeding, even though we could not create PATH aliases: Operation not permitted (os error 1)
.WARNING: proceeding, even though we could not create PATH aliases: Operation not permitted (os error 1)
.WARNING: proceeding, even though we could not create PATH aliases: Operation not permitted (os error 1)
.WARNING: proceeding, even though we could not create PATH aliases: Operation not permitted (os error 1)
.WARNING: proceeding, even though we could not create PATH aliases: Operation not permitted (os error 1)
.WARNING: proceeding, even though we could not create PATH aliases: Operation not permitted (os error 1)
.WARNING: proceeding, even though we could not create PATH aliases: Operation not permitted (os error 1)
.WARNING: proceeding, even though we could not create PATH aliases: Operation not permitted (os error 1)
.WARNING: proceeding, even though we could not create PATH aliases: Operation not permitted (os error 1)
.....
----------------------------------------------------------------------
Ran 29 tests in 141.448s

OK
P2P filesystem checks passed
