gRPC server started on /var/folders/vq/593qxcm57l90w1dlpywl_7nw0000gn/T/fizzbee-mbt-xgr2Ib/plugin.sock
Starting runner: /Users/grove/projects/promise-to-proof/.p2p/tmp/issue-30/compatibility/fizzbee-mbt-0.2.0-macos_arm/fizzbee-mbt-runner --plugin-addr=/var/folders/vq/593qxcm57l90w1dlpywl_7nw0000gn/T/fizzbee-mbt-xgr2Ib/plugin.sock --max-seq-runs=1 --max-parallel-runs=0 --max-actions=256 --seq-seed=42
Running 1 test with seed 42
Validation failed: Failed: Controller#0.Restart, expected: [str_value:"1|BLOCKED|8|8|implementation,proof,repair,review|1|2|2|-1|1"], actual: [str_value:"77|RUNNING|9|9|implementation,repair|1|2|0|0|1"]
      0: Controller#0.Inspect() -> "DISABLED"
      1: Controller#0.Restart() -> "DISABLED"
      2: Controller#0.Start() -> "77|RUNNING|3|3|implementation|0|1|0|0|1"
      3: Controller#0.Resume() -> "DISABLED"
      4: Controller#0.Corrupt() -> "DISABLED"
      5: Controller#0.Inspect() -> "1|RUNNING|3|3|implementation|0|1|0|0|1"
      6: Controller#0.Start() -> "DISABLED"
      7: Controller#0.Restart() -> "DISABLED"
      8: Controller#0.Restart() -> "DISABLED"
      9: Controller#0.Start() -> "DISABLED"
     10: Controller#0.Overlap() -> "DISABLED"
     11: Controller#0.Restart() -> "DISABLED"
     12: Controller#0.Corrupt() -> "DISABLED"
     13: Controller#0.Overlap() -> "DISABLED"
     14: Controller#0.Proof() -> "DISABLED"
     15: Controller#0.Review() -> "77|RUNNING|4|4|implementation,review|0|1|1|0|1"
     16: Controller#0.Proof() -> "77|RUNNING|5|4|implementation,review|0|1|1|0|1"
     17: Controller#0.Resume() -> "DISABLED"
     18: Controller#0.Review() -> "DISABLED"
     19: Controller#0.Restart() -> "77|RUNNING|6|6|implementation,repair|1|2|0|0|1"
     20: Controller#0.Proof() -> "DISABLED"
     21: Controller#0.Corrupt() -> "DISABLED"
     22: Controller#0.Corrupt() -> "DISABLED"
     23: Controller#0.Overlap() -> "DISABLED"
     24: Controller#0.Resume() -> "DISABLED"
     25: Controller#0.Overlap() -> "DISABLED"
     26: Controller#0.Resume() -> "DISABLED"
     27: Controller#0.Corrupt() -> "DISABLED"
     28: Controller#0.Overlap() -> "DISABLED"
     29: Controller#0.Overlap() -> "DISABLED"
     30: Controller#0.Corrupt() -> "DISABLED"
     31: Controller#0.Proof() -> "DISABLED"
     32: Controller#0.Start() -> "DISABLED"
     33: Controller#0.Corrupt() -> "DISABLED"
     34: Controller#0.Restart() -> "DISABLED"
     35: Controller#0.Review() -> "77|RUNNING|7|7|implementation,repair,review|1|2|2|0|1"
     36: Controller#0.Review() -> "DISABLED"
     37: Controller#0.Corrupt() -> "DISABLED"
     38: Controller#0.Resume() -> "DISABLED"
     39: Controller#0.Start() -> "DISABLED"
     40: Controller#0.Start() -> "DISABLED"
     41: Controller#0.Resume() -> "DISABLED"
     42: Controller#0.Overlap() -> "DISABLED"
     43: Controller#0.Start() -> "DISABLED"
     44: Controller#0.Proof() -> "77|RUNNING|8|7|implementation,repair,review|1|2|2|0|1"
     45: Controller#0.Review() -> "DISABLED"
     46: Controller#0.Start() -> "DISABLED"
     47: Controller#0.Start() -> "DISABLED"
==>  48: Controller#0.Restart() -> "77|RUNNING|9|9|implementation,repair|1|2|0|0|1"
Return value mismatched
Expected:
     48: Controller#0.Restart() -> "1|BLOCKED|8|8|implementation,proof,repair,review|1|2|2|-1|1"
Test failure after 1 trace(s).
To retry the same trace, use: --seq-seed=42
Test executor shut down gracefully
Test failed: Error: Runner exited with code 1, signal null
    at ChildProcess.<anonymous> (/Users/grove/projects/promise-to-proof/.p2p/tmp/issue-30/compatibility/node_modules/@fizzbee/mbt/dist/runner.js:137:28)
    at ChildProcess.emit (node:events:514:20)
    at ChildProcess._handle.onexit (node:internal/child_process:294:12)
