2026/09/26 17:09:21 Loaded 5 nodes and 5 links
2026/09/26 17:09:21 State Space Options: options:{max_actions:32 max_concurrent_actions:1 crash_on_yield:true} deadlock_detection:false
Generated 4 unique operations
Generated 4 operation groups
Group: end
  Op: role:{} action_name:"end", MaxYields: 0
Group: Controller#0.Start
  Op: role:{role_name:"Controller"} action_name:"Start", MaxYields: 0
Group: Controller#0.Restart
  Op: role:{role_name:"Controller"} action_name:"Restart", MaxYields: 0
Group: Controller#0.Resume
  Op: role:{role_name:"Controller"} action_name:"Resume", MaxYields: 0
2026/09/26 17:09:21 FizzMo server listening on :50051
2026/09/26 17:09:21 Received StartTestRun request: 
Received ValidateTrace request: demo-run-id
  Request 0: role:{role_name:"Controller"} action_name:"Restart"
  Response 0: return_values:{str_value:"1|ABSENT|0|0||0|0"} exec_time:{start_unix_nano:168633250 end_unix_nano:351556125} status:{code:STATUS_OK message:"OK"} roles:{role_name:"Controller"}
  Request 1: role:{} action_name:"end"
  Response 1: exec_time:{start_unix_nano:352614792 end_unix_nano:352643209} status:{code:STATUS_EXECUTION_FAILED message:"Action end for role  failed: Action end not found for role "}
  Request 2: role:{role_name:"Controller"} action_name:"Start"
  Response 2: exec_time:{start_unix_nano:353115167 end_unix_nano:1474091292} status:{code:STATUS_EXECUTION_FAILED message:"Action Start for role Controller failed: Traceback (most recent call last):\n  File \"/Users/grove/projects/promise-to-proof/.p2p/tmp/issue-30/implementation-source/checks/delivery-model/conformance_bridge.py\", line 228, in <module>\n    main(sys.argv[1])\n  File \"/Users/grove/projects/promise-to-proof/.p2p/tmp/issue-30/implementation-source/checks/delivery-model/conformance_bridge.py\", line 163, in main\n    code, output, detail = invoke('run', stop_before='review')\n  File \"/Users/grove/projects/promise-to-proof/.p2p/tmp/issue-30/implementation-source/checks/delivery-model/conformance_bridge.py\", line 94, in invoke\n    assert output is not None, result.stderr\nAssertionError: Traceback (most recent call last):\n  File \"/Users/grove/projects/promise-to-proof/.p2p/tmp/issue-30/implementation-source/checks/delivery-model/conformance_bridge.py\", line 226, in <module>\n    child()\n  File \"/Users/grove/projects/promise-to-proof/.p2p/tmp/issue-30/implementation-source/checks/delivery-model/conformance_bridge.py\", line 75, in child\n    sys.exit(d.main(sys.argv[2:]))\n  File \"/Users/grove/projects/promise-to-proof/.p2p/tmp/issue-30/implementation-source/skills/productivity/deliver-issue/scripts/p2p_delivery.py\", line 700, in main\n    delivery.run()\n  File \"/Users/grove/projects/promise-to-proof/.p2p/tmp/issue-30/implementation-source/skills/productivity/deliver-issue/scripts/p2p_delivery.py\", line 520, in run\n    self.preflight()\n  File \"/Users/grove/projects/promise-to-proof/.p2p/tmp/issue-30/implementation-source/skills/productivity/deliver-issue/scripts/p2p_delivery.py\", line 382, in preflight\n    attempt, host = self.dispatch(stage, inputs, prompt)\n  File \"/Users/grove/projects/promise-to-proof/.p2p/tmp/issue-30/implementation-source/skills/productivity/deliver-issue/scripts/p2p_delivery.py\", line 319, in dispatch\n    args = command(self.state['host']['executable'], scratch, folder / 'schema.json' if schema else None)\n  File \"/Users/grove/projects/promise-to-proof/.p2p/tmp/issue-30/implementation-source/skills/productivity/deliver-issue/scripts/p2p_delivery.py\", line 129, in command\n    for key, value in host_config(scratch).items():\n  File \"/Users/grove/projects/promise-to-proof/.p2p/tmp/issue-30/implementation-source/skills/productivity/deliver-issue/scripts/p2p_delivery.py\", line 95, in host_config\n    import tomllib\nModuleNotFoundError: No module named 'tomllib'\n\n"}
  Request 3: role:{role_name:"Controller"} action_name:"Restart"
  Response 3: return_values:{str_value:"1|BLOCKED|1|0||0|0"} exec_time:{start_unix_nano:1474954709 end_unix_nano:1874744417} status:{code:STATUS_OK message:"OK"} roles:{role_name:"Controller"}
  Request 4: role:{} action_name:"end"
  Response 4: exec_time:{start_unix_nano:1875530750 end_unix_nano:1875550417} status:{code:STATUS_EXECUTION_FAILED message:"Action end for role  failed: Action end not found for role "}
  Request 5: role:{role_name:"Controller"} action_name:"Restart"
  Response 5: return_values:{str_value:"1|BLOCKED|1|0||0|0"} exec_time:{start_unix_nano:1875941417 end_unix_nano:2263196750} status:{code:STATUS_OK message:"OK"} roles:{role_name:"Controller"}
  Request 6: role:{role_name:"Controller"} action_name:"Start"
  Response 6: return_values:{str_value:"1|BLOCKED|1|0||0|0"} exec_time:{start_unix_nano:2263934625 end_unix_nano:2676782250} status:{code:STATUS_OK message:"OK"} roles:{role_name:"Controller"}
  Request 7: role:{} action_name:"end"
  Response 7: exec_time:{start_unix_nano:2677467167 end_unix_nano:2677490875} status:{code:STATUS_EXECUTION_FAILED message:"Action end for role  failed: Action end not found for role "}
  Request 8: role:{} action_name:"end"
  Response 8: exec_time:{start_unix_nano:2678014834 end_unix_nano:2678029250} status:{code:STATUS_EXECUTION_FAILED message:"Action end for role  failed: Action end not found for role "}
  Request 9: role:{role_name:"Controller"} action_name:"Start"
  Response 9: return_values:{str_value:"1|BLOCKED|1|0||0|0"} exec_time:{start_unix_nano:2678413959 end_unix_nano:3048498250} status:{code:STATUS_OK message:"OK"} roles:{role_name:"Controller"}
  Request 10: role:{role_name:"Controller"} action_name:"Resume"
  Response 10: return_values:{str_value:"1|BLOCKED|1|0||0|0"} exec_time:{start_unix_nano:3049102792 end_unix_nano:3432028750} status:{code:STATUS_OK message:"OK"} roles:{role_name:"Controller"}
  Request 11: role:{} action_name:"end"
  Response 11: exec_time:{start_unix_nano:3432560250 end_unix_nano:3432583875} status:{code:STATUS_EXECUTION_FAILED message:"Action end for role  failed: Action end not found for role "}
  Request 12: role:{} action_name:"end"
  Response 12: exec_time:{start_unix_nano:3432875917 end_unix_nano:3432887834} status:{code:STATUS_EXECUTION_FAILED message:"Action end for role  failed: Action end not found for role "}
  Request 13: role:{role_name:"Controller"} action_name:"Resume"
  Response 13: return_values:{str_value:"1|BLOCKED|1|0||0|0"} exec_time:{start_unix_nano:3433116625 end_unix_nano:3808601375} status:{code:STATUS_OK message:"OK"} roles:{role_name:"Controller"}
  Request 14: role:{role_name:"Controller"} action_name:"Start"
  Response 14: return_values:{str_value:"1|BLOCKED|1|0||0|0"} exec_time:{start_unix_nano:3809138500 end_unix_nano:4184338042} status:{code:STATUS_OK message:"OK"} roles:{role_name:"Controller"}
  Request 15: role:{role_name:"Controller"} action_name:"Resume"
  Response 15: return_values:{str_value:"1|BLOCKED|1|0||0|0"} exec_time:{start_unix_nano:4184904209 end_unix_nano:4565269459} status:{code:STATUS_OK message:"OK"} roles:{role_name:"Controller"}
  Request 16: role:{role_name:"Controller"} action_name:"Start"
  Response 16: return_values:{str_value:"1|BLOCKED|1|0||0|0"} exec_time:{start_unix_nano:4565858875 end_unix_nano:4972635292} status:{code:STATUS_OK message:"OK"} roles:{role_name:"Controller"}
  Request 17: role:{role_name:"Controller"} action_name:"Restart"
  Response 17: return_values:{str_value:"1|BLOCKED|1|0||0|0"} exec_time:{start_unix_nano:4973608375 end_unix_nano:5426626750} status:{code:STATUS_OK message:"OK"} roles:{role_name:"Controller"}
  Request 18: role:{role_name:"Controller"} action_name:"Resume"
  Response 18: return_values:{str_value:"1|BLOCKED|1|0||0|0"} exec_time:{start_unix_nano:5427392917 end_unix_nano:5874023125} status:{code:STATUS_OK message:"OK"} roles:{role_name:"Controller"}
  Request 19: role:{} action_name:"end"
  Response 19: exec_time:{start_unix_nano:5874875084 end_unix_nano:5874901834} status:{code:STATUS_EXECUTION_FAILED message:"Action end for role  failed: Action end not found for role "}
  Request 20: role:{role_name:"Controller"} action_name:"Start"
  Response 20: return_values:{str_value:"1|BLOCKED|1|0||0|0"} exec_time:{start_unix_nano:5875341209 end_unix_nano:6315366500} status:{code:STATUS_OK message:"OK"} roles:{role_name:"Controller"}
  Request 21: role:{} action_name:"end"
  Response 21: exec_time:{start_unix_nano:6316058542 end_unix_nano:6316081917} status:{code:STATUS_EXECUTION_FAILED message:"Action end for role  failed: Action end not found for role "}
  Request 22: role:{} action_name:"end"
  Response 22: exec_time:{start_unix_nano:6316570417 end_unix_nano:6316593792} status:{code:STATUS_EXECUTION_FAILED message:"Action end for role  failed: Action end not found for role "}
  Request 23: role:{role_name:"Controller"} action_name:"Resume"
  Response 23: return_values:{str_value:"1|BLOCKED|1|0||0|0"} exec_time:{start_unix_nano:6316875625 end_unix_nano:6743893542} status:{code:STATUS_OK message:"OK"} roles:{role_name:"Controller"}
  Request 24: role:{role_name:"Controller"} action_name:"Restart"
  Response 24: return_values:{str_value:"1|BLOCKED|1|0||0|0"} exec_time:{start_unix_nano:6744432000 end_unix_nano:7183353542} status:{code:STATUS_OK message:"OK"} roles:{role_name:"Controller"}
  Request 25: role:{role_name:"Controller"} action_name:"Resume"
  Response 25: return_values:{str_value:"1|BLOCKED|1|0||0|0"} exec_time:{start_unix_nano:7184484500 end_unix_nano:7621285625} status:{code:STATUS_OK message:"OK"} roles:{role_name:"Controller"}
  Request 26: role:{role_name:"Controller"} action_name:"Restart"
  Response 26: return_values:{str_value:"1|BLOCKED|1|0||0|0"} exec_time:{start_unix_nano:7621804959 end_unix_nano:8060760875} status:{code:STATUS_OK message:"OK"} roles:{role_name:"Controller"}
  Request 27: role:{} action_name:"end"
  Response 27: exec_time:{start_unix_nano:8061323875 end_unix_nano:8061351167} status:{code:STATUS_EXECUTION_FAILED message:"Action end for role  failed: Action end not found for role "}
  Request 28: role:{role_name:"Controller"} action_name:"Resume"
  Response 28: return_values:{str_value:"1|BLOCKED|1|0||0|0"} exec_time:{start_unix_nano:8061627167 end_unix_nano:8500325125} status:{code:STATUS_OK message:"OK"} roles:{role_name:"Controller"}
  Request 29: role:{role_name:"Controller"} action_name:"Resume"
  Response 29: return_values:{str_value:"1|BLOCKED|1|0||0|0"} exec_time:{start_unix_nano:8500874542 end_unix_nano:8938172875} status:{code:STATUS_OK message:"OK"} roles:{role_name:"Controller"}
  Request 30: role:{} action_name:"end"
  Response 30: exec_time:{start_unix_nano:8938929542 end_unix_nano:8938951750} status:{code:STATUS_EXECUTION_FAILED message:"Action end for role  failed: Action end not found for role "}
  Request 31: role:{role_name:"Controller"} action_name:"Start"
  Response 31: return_values:{str_value:"1|BLOCKED|1|0||0|0"} exec_time:{start_unix_nano:8939228542 end_unix_nano:9361015292} status:{code:STATUS_OK message:"OK"} roles:{role_name:"Controller"}
Validating trace for RunId: demo-run-id
    Action Link: Controller#0.Restart
    No matching Source Link found for Action Link: Controller#0.Restart
